Archive member included because of file (symbol)

C:\SiliconLabs\SimplicityStudio\v4_9\PCB_AIRQUALITY_2\platform\radio\rail_lib\autogen\librail_release\librail_efr32xg1_gcc_release.a(rail_pti.o)
                              ./pti.o (RAIL_ConfigPti)
C:\SiliconLabs\SimplicityStudio\v4_9\PCB_AIRQUALITY_2\platform\radio\rail_lib\autogen\librail_release\librail_efr32xg1_gcc_release.a(rail_rf_hal.o)
                              C:\SiliconLabs\SimplicityStudio\v4_9\PCB_AIRQUALITY_2\platform\radio\rail_lib\autogen\librail_release\librail_efr32xg1_gcc_release.a(rail_pti.o) (RFHAL_ConfigPti)
C:\SiliconLabs\SimplicityStudio\v4_9\PCB_AIRQUALITY_2\platform\radio\rail_lib\autogen\librail_release\librail_efr32xg1_gcc_release.a(rail_singleprotocol.o)
                              C:\SiliconLabs\SimplicityStudio\v4_9\PCB_AIRQUALITY_2\platform\radio\rail_lib\autogen\librail_release\librail_efr32xg1_gcc_release.a(rail_rf_hal.o) (RAIL_ActiveHandle)
C:\SiliconLabs\SimplicityStudio\v4_9\PCB_AIRQUALITY_2\platform\radio\rail_lib\autogen\librail_release\librail_efr32xg1_gcc_release.a(rail_rf.o)
                              C:\SiliconLabs\SimplicityStudio\v4_9\PCB_AIRQUALITY_2\platform\radio\rail_lib\autogen\librail_release\librail_efr32xg1_gcc_release.a(rail_singleprotocol.o) (RAILCore_Init)
C:\SiliconLabs\SimplicityStudio\v4_9\PCB_AIRQUALITY_2\platform\radio\rail_lib\autogen\librail_release\librail_efr32xg1_gcc_release.a(rail_rx.o)
                              C:\SiliconLabs\SimplicityStudio\v4_9\PCB_AIRQUALITY_2\platform\radio\rail_lib\autogen\librail_release\librail_efr32xg1_gcc_release.a(rail_rf_hal.o) (RAILCore_StartRx)
C:\SiliconLabs\SimplicityStudio\v4_9\PCB_AIRQUALITY_2\platform\radio\rail_lib\autogen\librail_release\librail_efr32xg1_gcc_release.a(rail_tx.o)
                              C:\SiliconLabs\SimplicityStudio\v4_9\PCB_AIRQUALITY_2\platform\radio\rail_lib\autogen\librail_release\librail_efr32xg1_gcc_release.a(rail_singleprotocol.o) (RAILCore_StartTx)
C:\SiliconLabs\SimplicityStudio\v4_9\PCB_AIRQUALITY_2\platform\radio\rail_lib\autogen\librail_release\librail_efr32xg1_gcc_release.a(rail_calibration.o)
                              C:\SiliconLabs\SimplicityStudio\v4_9\PCB_AIRQUALITY_2\platform\radio\rail_lib\autogen\librail_release\librail_efr32xg1_gcc_release.a(rail_rf_hal.o) (RAILInt_PendCal)
C:\SiliconLabs\SimplicityStudio\v4_9\PCB_AIRQUALITY_2\platform\radio\rail_lib\autogen\librail_release\librail_efr32xg1_gcc_release.a(rail_assert.o)
                              C:\SiliconLabs\SimplicityStudio\v4_9\PCB_AIRQUALITY_2\platform\radio\rail_lib\autogen\librail_release\librail_efr32xg1_gcc_release.a(rail_rf.o) (RAILInt_Assert)
C:\SiliconLabs\SimplicityStudio\v4_9\PCB_AIRQUALITY_2\platform\radio\rail_lib\autogen\librail_release\librail_efr32xg1_gcc_release.a(rail_rssi.o)
                              C:\SiliconLabs\SimplicityStudio\v4_9\PCB_AIRQUALITY_2\platform\radio\rail_lib\autogen\librail_release\librail_efr32xg1_gcc_release.a(rail_singleprotocol.o) (RAILCore_GetRssi)
C:\SiliconLabs\SimplicityStudio\v4_9\PCB_AIRQUALITY_2\platform\radio\rail_lib\autogen\librail_release\librail_efr32xg1_gcc_release.a(bufc.o)
                              C:\SiliconLabs\SimplicityStudio\v4_9\PCB_AIRQUALITY_2\platform\radio\rail_lib\autogen\librail_release\librail_efr32xg1_gcc_release.a(rail_rf_hal.o) (BUFC_SetTxBuffer)
C:\SiliconLabs\SimplicityStudio\v4_9\PCB_AIRQUALITY_2\platform\radio\rail_lib\autogen\librail_release\librail_efr32xg1_gcc_release.a(ir_cal.o)
                              C:\SiliconLabs\SimplicityStudio\v4_9\PCB_AIRQUALITY_2\platform\radio\rail_lib\autogen\librail_release\librail_efr32xg1_gcc_release.a(rail_rf_hal.o) (IRCAL_Set)
C:\SiliconLabs\SimplicityStudio\v4_9\PCB_AIRQUALITY_2\platform\radio\rail_lib\autogen\librail_release\librail_efr32xg1_gcc_release.a(pa.o)
                              C:\SiliconLabs\SimplicityStudio\v4_9\PCB_AIRQUALITY_2\platform\radio\rail_lib\autogen\librail_release\librail_efr32xg1_gcc_release.a(rail_rf_hal.o) (PA_GetTxPowerConfig)
C:\SiliconLabs\SimplicityStudio\v4_9\PCB_AIRQUALITY_2\platform\radio\rail_lib\autogen\librail_release\librail_efr32xg1_gcc_release.a(protimer.o)
                              C:\SiliconLabs\SimplicityStudio\v4_9\PCB_AIRQUALITY_2\platform\radio\rail_lib\autogen\librail_release\librail_efr32xg1_gcc_release.a(rail_rf_hal.o) (PROTIMER_Start)
C:\SiliconLabs\SimplicityStudio\v4_9\PCB_AIRQUALITY_2\platform\radio\rail_lib\autogen\librail_release\librail_efr32xg1_gcc_release.a(pti.o)
                              C:\SiliconLabs\SimplicityStudio\v4_9\PCB_AIRQUALITY_2\platform\radio\rail_lib\autogen\librail_release\librail_efr32xg1_gcc_release.a(rail_rf_hal.o) (PTI_Config)
C:\SiliconLabs\SimplicityStudio\v4_9\PCB_AIRQUALITY_2\platform\radio\rail_lib\autogen\librail_release\librail_efr32xg1_gcc_release.a(antenna.o)
[...]
Memory Configuration

Name             Origin             Length             Attributes
FLASH_BOOTLOADER 0x00000000         0x00004000         xr
FLASH            0x00004000         0x0003b000         xr
RAM              0x20000000         0x00007bfc         xrw
*default*        0x00000000         0xffffffff

Linker script and memory map

LOAD c:/siliconlabs/simplicitystudio/v4/developer/toolchains/gnu_arm/4.9_2015q3/bin/../lib/gcc/arm-none-eabi/4.9.3/armv7e-m/softfp/crti.o
LOAD c:/siliconlabs/simplicitystudio/v4/developer/toolchains/gnu_arm/4.9_2015q3/bin/../lib/gcc/arm-none-eabi/4.9.3/armv7e-m/softfp/crtbegin.o
LOAD c:/siliconlabs/simplicitystudio/v4/developer/toolchains/gnu_arm/4.9_2015q3/bin/../lib/gcc/arm-none-eabi/4.9.3/../../../../arm-none-eabi/lib/armv7e-m/softfp/crt0.o
START GROUP
LOAD ./application_properties.o
LOAD ./gatt_db.o
LOAD ./init_app.o
LOAD ./init_board.o
LOAD ./init_mcu.o
LOAD ./main.o
LOAD ./pti.o
LOAD ./hardware/kit/common/bsp/bsp_stk.o
LOAD ./hardware/kit/common/drivers/mx25flash_spi.o
LOAD ./lcd/bmp.o
LOAD ./lcd/display.o
LOAD ./lcd/displayls013b7dh03.o
LOAD ./lcd/displaypalemlib.o
LOAD ./lcd/dmd.o
LOAD ./lcd/glib.o
LOAD ./lcd/glib_bitmap.o
LOAD ./lcd/glib_circle.o
LOAD ./lcd/glib_font_narrow_6x8.o
LOAD ./lcd/glib_font_normal_8x8.o
LOAD ./lcd/glib_font_number_16x20.o
LOAD ./lcd/glib_line.o
LOAD ./lcd/glib_polygon.o
LOAD ./lcd/glib_rectangle.o
LOAD ./lcd/glib_string.o
LOAD ./lcd/graphics.o
LOAD ./lcd/retargettextdisplay.o
LOAD ./lcd/udelay.o
LOAD ./platform/Device/SiliconLabs/EFR32BG1B/Source/GCC/startup_efr32bg1b.o
LOAD ./platform/Device/SiliconLabs/EFR32BG1B/Source/system_efr32bg1b.o
LOAD ./platform/emdrv/sleep/src/sleep.o
LOAD ./platform/emdrv/tempdrv/src/tempdrv.o
LOAD ./platform/emlib/src/em_acmp.o
LOAD ./platform/emlib/src/em_adc.o
LOAD ./platform/emlib/src/em_aes.o
LOAD ./platform/emlib/src/em_assert.o
LOAD ./platform/emlib/src/em_burtc.o
LOAD ./platform/emlib/src/em_can.o
LOAD ./platform/emlib/src/em_cmu.o
LOAD ./platform/emlib/src/em_core.o
LOAD ./platform/emlib/src/em_cryotimer.o
LOAD ./platform/emlib/src/em_crypto.o
LOAD ./platform/emlib/src/em_csen.o
LOAD ./platform/emlib/src/em_dac.o
LOAD ./platform/emlib/src/em_dbg.o
LOAD ./platform/emlib/src/em_dma.o
LOAD ./platform/emlib/src/em_ebi.o
LOAD ./platform/emlib/src/em_emu.o
LOAD ./platform/emlib/src/em_gpcrc.o
LOAD ./platform/emlib/src/em_gpio.o
LOAD ./platform/emlib/src/em_i2c.o
LOAD ./platform/emlib/src/em_idac.o
LOAD ./platform/emlib/src/em_int.o
LOAD ./platform/emlib/src/em_lcd.o
LOAD ./platform/emlib/src/em_ldma.o
LOAD ./platform/emlib/src/em_lesense.o
LOAD ./platform/emlib/src/em_letimer.o
LOAD ./platform/emlib/src/em_leuart.o
LOAD ./platform/emlib/src/em_mpu.o
LOAD ./platform/emlib/src/em_msc.o
LOAD ./platform/emlib/src/em_opamp.o
LOAD ./platform/emlib/src/em_pcnt.o
LOAD ./platform/emlib/src/em_prs.o
LOAD ./platform/emlib/src/em_qspi.o
LOAD ./platform/emlib/src/em_rmu.o
LOAD ./platform/emlib/src/em_rtc.o
LOAD ./platform/emlib/src/em_rtcc.o
LOAD ./platform/emlib/src/em_system.o
LOAD ./platform/emlib/src/em_timer.o
LOAD ./platform/emlib/src/em_usart.o
LOAD ./platform/emlib/src/em_vcmp.o
LOAD ./platform/emlib/src/em_vdac.o
LOAD ./platform/emlib/src/em_wdog.o
LOAD ./src/airquality.o
LOAD ./src/cmu.o
LOAD ./src/gpio.o
LOAD ./src/letimer.o
LOAD C:\SiliconLabs\SimplicityStudio\v4_9\PCB_AIRQUALITY_2\protocol\bluetooth_2.7\lib\EFR32BG1B\GCC\libmbedtls.a
LOAD C:\SiliconLabs\SimplicityStudio\v4_9\PCB_AIRQUALITY_2\platform\radio\rail_lib\autogen\librail_release\librail_efr32xg1_gcc_release.a
LOAD C:\SiliconLabs\SimplicityStudio\v4_9\PCB_AIRQUALITY_2\protocol\bluetooth_2.7\lib\EFR32BG1B\GCC\libbluetooth.a
LOAD C:\SiliconLabs\SimplicityStudio\v4_9\PCB_AIRQUALITY_2\protocol\bluetooth_2.7\lib\EFR32BG1B\GCC\binapploader.o
LOAD C:\SiliconLabs\SimplicityStudio\v4_9\PCB_AIRQUALITY_2\protocol\bluetooth_2.7\lib\EFR32BG1B\GCC\libpsstore.a
LOAD c:/siliconlabs/simplicitystudio/v4/developer/toolchains/gnu_arm/4.9_2015q3/bin/../lib/gcc/arm-none-eabi/4.9.3/../../../../arm-none-eabi/lib/armv7e-m/softfp\libm.a
END GROUP
START GROUP
LOAD c:/siliconlabs/simplicitystudio/v4/developer/toolchains/gnu_arm/4.9_2015q3/bin/../lib/gcc/arm-none-eabi/4.9.3/armv7e-m/softfp\libgcc.a
LOAD c:/siliconlabs/simplicitystudio/v4/developer/toolchains/gnu_arm/4.9_2015q3/bin/../lib/gcc/arm-none-eabi/4.9.3/../../../../arm-none-eabi/lib/armv7e-m/softfp\libc_nano.a
LOAD c:/siliconlabs/simplicitystudio/v4/developer/toolchains/gnu_arm/4.9_2015q3/bin/../lib/gcc/arm-none-eabi/4.9.3/../../../../arm-none-eabi/lib/armv7e-m/softfp\libnosys.a
END GROUP
START GROUP
LOAD c:/siliconlabs/simplicitystudio/v4/developer/toolchains/gnu_arm/4.9_2015q3/bin/../lib/gcc/arm-none-eabi/4.9.3/armv7e-m/softfp\libgcc.a
LOAD c:/siliconlabs/simplicitystudio/v4/developer/toolchains/gnu_arm/4.9_2015q3/bin/../lib/gcc/arm-none-eabi/4.9.3/../../../../arm-none-eabi/lib/armv7e-m/softfp\libg_nano.a
LOAD c:/siliconlabs/simplicitystudio/v4/developer/toolchains/gnu_arm/4.9_2015q3/bin/../lib/gcc/arm-none-eabi/4.9.3/../../../../arm-none-eabi/lib/armv7e-m/softfp\libc_nano.a
END GROUP
START GROUP
LOAD c:/siliconlabs/simplicitystudio/v4/developer/toolchains/gnu_arm/4.9_2015q3/bin/../lib/gcc/arm-none-eabi/4.9.3/armv7e-m/softfp\libgcc.a
LOAD c:/siliconlabs/simplicitystudio/v4/developer/toolchains/gnu_arm/4.9_2015q3/bin/../lib/gcc/arm-none-eabi/4.9.3/../../../../arm-none-eabi/lib/armv7e-m/softfp\libc_nano.a
END GROUP
LOAD c:/siliconlabs/simplicitystudio/v4/developer/toolchains/gnu_arm/4.9_2015q3/bin/../lib/gcc/arm-none-eabi/4.9.3/armv7e-m/softfp/crtend.o
LOAD c:/siliconlabs/simplicitystudio/v4/developer/toolchains/gnu_arm/4.9_2015q3/bin/../lib/gcc/arm-none-eabi/4.9.3/armv7e-m/softfp/crtn.o

.text_bootloader
                0x00000000        0x0
 *(.binbootloader*)
                0x00000000                . = ALIGN (0x4000)

.text_apploader
                0x00004000     0x8fc0
 *(.binapploader*)
 .binapploader  0x00004000     0x8fc0 C:\SiliconLabs\SimplicityStudio\v4_9\PCB_AIRQUALITY_2\protocol\bluetooth_2.7\lib\EFR32BG1B\GCC\binapploader.o

.text_signature
                0x0000cfc0       0x40
                0x0000d000                . = ALIGN (0x800)
 *fill*         0x0000cfc0       0x40 
                0x0000d000                __text_start__ = .

.text_application
                0x0000d000    0x1f31c
 *(.vectors)
 .vectors       0x0000d000       0xc8 ./platform/Device/SiliconLabs/EFR32BG1B/Source/GCC/startup_efr32bg1b.o
                0x0000d000                __Vectors
                0x0000d0c8                __Vectors_End = .
                0x000000c8                __Vectors_Size = (__Vectors_End - __Vectors)
                0x0000d0c8                __end__ = .
 *(.application_properties)
 .application_properties
                0x0000d0c8       0x38 ./application_properties.o
                0x0000d0c8                applicationProperties
 *(.gecko_configuration)
 *(.xo_configuration)
 *(.gatt_header)
 .gatt_header   0x0000d100       0x34 ./gatt_db.o
                0x0000d100                bg_gattdb_data
 *(.gatt_data)
 .gatt_data     0x0000d134      0x1d6 ./gatt_db.o
                0x0000d134                bg_gattdb_data_adv_uuid128_map
                0x0000d138                bg_gattdb_data_adv_uuid16_map
                0x0000d13c                bg_gattdb_data_attributes_dynamic_mapping_map
                0x0000d144                bg_gattdb_data_attributes_map
                0x0000d228                bg_gattdb_data_attribute_field_0
                0x0000d22c                bg_gattdb_data_attribute_field_1
                0x0000d234                bg_gattdb_data_attribute_field_2
                0x0000d23c                bg_gattdb_data_attribute_field_4
                0x0000d240                bg_gattdb_data_attribute_field_5
                0x0000d248                bg_gattdb_data_attribute_field_6
                0x0000d250                bg_gattdb_data_attribute_field_7
                0x0000d258                bg_gattdb_data_attribute_field_8
                0x0000d25c                bg_gattdb_data_attribute_field_9
                0x0000d260                bg_gattdb_data_attribute_field_10
                0x0000d268                bg_gattdb_data_attribute_field_11
                0x0000d278                bg_gattdb_data_attribute_field_12
                0x0000d280                bg_gattdb_data_attribute_field_13
                0x0000d28c                bg_gattdb_data_attribute_field_14
                0x0000d294                bg_gattdb_data_attribute_field_15
                0x0000d29c                bg_gattdb_data_attribute_field_16
                0x0000d2b0                bg_gattdb_data_attribute_field_17
                0x0000d2c8                bg_gattdb_data_attribute_field_18
                0x0000d2d0                bg_gattdb_data_uuidtable_128_map
                0x0000d2f0                bg_gattdb_data_uuidtable_16_map
 *(.text*)
 *fill*         0x0000d30a        0x2 
 .text          0x0000d30c       0x5c c:/siliconlabs/simplicitystudio/v4/developer/toolchains/gnu_arm/4.9_2015q3/bin/../lib/gcc/arm-none-eabi/4.9.3/armv7e-m/softfp/crtbegin.o
 .text          0x0000d368       0x74 c:/siliconlabs/simplicitystudio/v4/developer/toolchains/gnu_arm/4.9_2015q3/bin/../lib/gcc/arm-none-eabi/4.9.3/../../../../arm-none-eabi/lib/armv7e-m/softfp/crt0.o
                0x0000d368                _start
                0x0000d368                _mainCRTStartup
 .text.initBoard
                0x0000d3dc       0x48 ./init_board.o
                0x0000d3dc                initBoard
 .text.initMcu  0x0000d424      0x168 ./init_mcu.o
                0x0000d424                initMcu
 .text.startup.main
                0x0000d58c      0x3c4 ./main.o
                0x0000d58c                main
 .text.MX25_init
                0x0000d950       0xa4 ./hardware/kit/common/drivers/mx25flash_spi.o
                0x0000d950                MX25_init
 .text.MX25_DP  0x0000d9f4       0x5c ./hardware/kit/common/drivers/mx25flash_spi.o
                0x0000d9f4                MX25_DP
 .text.DMD_writeColor.part.0
                0x0000da50      0x18c ./lcd/dmd.o
 .text.DMD_setClippingArea
                0x0000dbdc       0x44 ./lcd/dmd.o
                0x0000dbdc                DMD_setClippingArea
 .text.DMD_writeColor
                0x0000dc20       0x20 ./lcd/dmd.o
                0x0000dc20                DMD_writeColor
 .text.DMD_updateDisplay
                0x0000dc40       0xc8 ./lcd/dmd.o
                0x0000dc40                DMD_updateDisplay
 .text.GLIB_clear
                0x0000dd08       0x48 ./lcd/glib.o
                0x0000dd08                GLIB_clear
 .text.GLIB_drawPixel
                0x0000dd50       0x40 ./lcd/glib.o
                0x0000dd50                GLIB_drawPixel
 .text.GLIB_drawPixelColor
                0x0000dd90       0x3c ./lcd/glib.o
                0x0000dd90                GLIB_drawPixelColor
 .text.GLIB_rectContainsPoint
                0x0000ddcc       0x24 ./lcd/glib_rectangle.o
                0x0000ddcc                GLIB_rectContainsPoint
 .text.GLIB_drawChar.part.0
                0x0000ddf0      0x164 ./lcd/glib_string.o
 .text.GLIB_drawString
                0x0000df54       0x90 ./lcd/glib_string.o
                0x0000df54                GLIB_drawString
 .text.GRAPHICS_Update
                0x0000dfe4        0x4 ./lcd/graphics.o
                0x0000dfe4                GRAPHICS_Update
 .text.GRAPHICS_Clear
                0x0000dfe8       0x24 ./lcd/graphics.o
                0x0000dfe8                GRAPHICS_Clear
 .text.GRAPHICS_AppendString
                0x0000e00c       0x44 ./lcd/graphics.o
                0x0000e00c                GRAPHICS_AppendString
 .text.Default_Handler
                0x0000e050        0x4 ./platform/Device/SiliconLabs/EFR32BG1B/Source/GCC/startup_efr32bg1b.o
                0x0000e050                DebugMon_Handler
                0x0000e050                USART0_TX_IRQHandler
                0x0000e050                I2C0_IRQHandler
                0x0000e050                HardFault_Handler
                0x0000e050                SysTick_Handler
                0x0000e050                USART1_RX_IRQHandler
                0x0000e050                PendSV_Handler
                0x0000e050                NMI_Handler
                0x0000e050                WDOG0_IRQHandler
                0x0000e050                USART1_TX_IRQHandler
                0x0000e050                MSC_IRQHandler
                0x0000e050                ADC0_IRQHandler
                0x0000e050                UsageFault_Handler
                0x0000e050                LEUART0_IRQHandler
                0x0000e050                FPUEH_IRQHandler
                0x0000e050                GPIO_EVEN_IRQHandler
                0x0000e050                LDMA_IRQHandler
                0x0000e050                TIMER0_IRQHandler
                0x0000e050                TIMER1_IRQHandler
                0x0000e050                Default_Handler
                0x0000e050                CRYOTIMER_IRQHandler
                0x0000e050                PCNT0_IRQHandler
                0x0000e050                ACMP0_IRQHandler
                0x0000e050                USART0_RX_IRQHandler
                0x0000e050                MemManage_Handler
                0x0000e050                SVC_Handler
                0x0000e050                RTCC_IRQHandler
                0x0000e050                CRYPTO_IRQHandler
                0x0000e050                CMU_IRQHandler
                0x0000e050                GPIO_ODD_IRQHandler
                0x0000e050                BusFault_Handler
                0x0000e050                IDAC0_IRQHandler
 .text.Reset_Handler
                0x0000e054       0x38 ./platform/Device/SiliconLabs/EFR32BG1B/Source/GCC/startup_efr32bg1b.o
                0x0000e054                Reset_Handler
 .text.SystemMaxCoreClockGet
                0x0000e08c        0x8 ./platform/Device/SiliconLabs/EFR32BG1B/Source/system_efr32bg1b.o
                0x0000e08c                SystemMaxCoreClockGet
 .text.SystemHFClockGet
                0x0000e094       0x50 ./platform/Device/SiliconLabs/EFR32BG1B/Source/system_efr32bg1b.o
                0x0000e094                SystemHFClockGet
 .text.SystemCoreClockGet
                0x0000e0e4       0x24 ./platform/Device/SiliconLabs/EFR32BG1B/Source/system_efr32bg1b.o
                0x0000e0e4                SystemCoreClockGet
 .text.SystemHFXOClockGet
                0x0000e108        0xc ./platform/Device/SiliconLabs/EFR32BG1B/Source/system_efr32bg1b.o
                0x0000e108                SystemHFXOClockGet
 .text.SystemHFXOClockSet
                0x0000e114       0x20 ./platform/Device/SiliconLabs/EFR32BG1B/Source/system_efr32bg1b.o
                0x0000e114                SystemHFXOClockSet
 .text.SystemInit
                0x0000e134       0x4c ./platform/Device/SiliconLabs/EFR32BG1B/Source/system_efr32bg1b.o
                0x0000e134                SystemInit
 .text.SystemLFRCOClockGet
                0x0000e180        0x8 ./platform/Device/SiliconLabs/EFR32BG1B/Source/system_efr32bg1b.o
                0x0000e180                SystemLFRCOClockGet
 .text.SystemULFRCOClockGet
                0x0000e188        0x8 ./platform/Device/SiliconLabs/EFR32BG1B/Source/system_efr32bg1b.o
                0x0000e188                SystemULFRCOClockGet
 .text.SystemLFXOClockGet
                0x0000e190        0xc ./platform/Device/SiliconLabs/EFR32BG1B/Source/system_efr32bg1b.o
                0x0000e190                SystemLFXOClockGet
 .text.SystemLFXOClockSet
                0x0000e19c       0x20 ./platform/Device/SiliconLabs/EFR32BG1B/Source/system_efr32bg1b.o
                0x0000e19c                SystemLFXOClockSet
 .text.sleepCallbackWrapper
                0x0000e1bc       0x14 ./platform/emdrv/sleep/src/sleep.o
 .text.enterEMx
                0x0000e1d0       0x70 ./platform/emdrv/sleep/src/sleep.o
 .text.SLEEP_Init
                0x0000e240       0x44 ./platform/emdrv/sleep/src/sleep.o
                0x0000e240                SLEEP_Init
 .text.SLEEP_Sleep
                0x0000e284       0x70 ./platform/emdrv/sleep/src/sleep.o
                0x0000e284                SLEEP_Sleep
 .text.SLEEP_SleepBlockBegin
                0x0000e2f4       0x28 ./platform/emdrv/sleep/src/sleep.o
                0x0000e2f4                SLEEP_SleepBlockBegin
 .text.SLEEP_SleepBlockEnd
                0x0000e31c       0x2c ./platform/emdrv/sleep/src/sleep.o
                0x0000e31c                SLEEP_SleepBlockEnd
 .text.SLEEP_LowestEnergyModeGet
                0x0000e348       0x1c ./platform/emdrv/sleep/src/sleep.o
                0x0000e348                SLEEP_LowestEnergyModeGet
 .text.updateInterrupts
                0x0000e364       0xe0 ./platform/emdrv/tempdrv/src/tempdrv.o
 .text.errataStateUpdate
                0x0000e444       0xbc ./platform/emdrv/tempdrv/src/tempdrv.o
 .text.errataCallback
                0x0000e500        0x4 ./platform/emdrv/tempdrv/src/tempdrv.o
 .text.TEMPDRV_IRQHandler
                0x0000e504       0xd4 ./platform/emdrv/tempdrv/src/tempdrv.o
                0x0000e504                TEMPDRV_IRQHandler
 .text.EMU_IRQHandler
                0x0000e5d8        0x4 ./platform/emdrv/tempdrv/src/tempdrv.o
                0x0000e5d8                EMU_IRQHandler
 .text.TEMPDRV_Init
                0x0000e5dc      0x14c ./platform/emdrv/tempdrv/src/tempdrv.o
                0x0000e5dc                TEMPDRV_Init
 .text.flashWaitStateControl.isra.0
                0x0000e728       0x48 ./platform/emlib/src/em_cmu.o
 .text.CMU_OscillatorTuningSet.part.3
                0x0000e770       0x3c ./platform/emlib/src/em_cmu.o
 .text.CMU_ClockEnable
                0x0000e7ac       0x8c ./platform/emlib/src/em_cmu.o
                0x0000e7ac                CMU_ClockEnable
 .text.CMU_ClockPrescGet
                0x0000e838       0x94 ./platform/emlib/src/em_cmu.o
                0x0000e838                CMU_ClockPrescGet
 .text.CMU_ClockSelectGet
                0x0000e8cc       0xc4 ./platform/emlib/src/em_cmu.o
                0x0000e8cc                CMU_ClockSelectGet
 .text.lfClkGet
                0x0000e990       0x94 ./platform/emlib/src/em_cmu.o
 .text.CMU_ClockFreqGet
                0x0000ea24      0x160 ./platform/emlib/src/em_cmu.o
                0x0000ea24                CMU_ClockFreqGet
 .text.CMU_ClockPrescSet
                0x0000eb84      0x1ec ./platform/emlib/src/em_cmu.o
                0x0000eb84                CMU_ClockPrescSet
 .text.CMU_ClockDivSet
                0x0000ed70        0x8 ./platform/emlib/src/em_cmu.o
                0x0000ed70                CMU_ClockDivSet
 .text.CMU_HFXOAutostartEnable
                0x0000ed78       0x74 ./platform/emlib/src/em_cmu.o
                0x0000ed78                CMU_HFXOAutostartEnable
 .text.CMU_OscillatorTuningWait
                0x0000edec       0x5c ./platform/emlib/src/em_cmu.o
                0x0000edec                CMU_OscillatorTuningWait
 .text.CMU_OscillatorEnable
                0x0000ee48      0x110 ./platform/emlib/src/em_cmu.o
                0x0000ee48                CMU_OscillatorEnable
 .text.CMU_ClockSelectSet
                0x0000ef58      0x200 ./platform/emlib/src/em_cmu.o
                0x0000ef58                CMU_ClockSelectSet
 .text.CMU_HFXOInit
                0x0000f158       0x88 ./platform/emlib/src/em_cmu.o
                0x0000f158                CMU_HFXOInit
 .text.CMU_LFXOInit
                0x0000f1e0       0x40 ./platform/emlib/src/em_cmu.o
                0x0000f1e0                CMU_LFXOInit
 .text.CORE_EnterCritical
                0x0000f220        0x8 ./platform/emlib/src/em_core.o
                0x0000f220                CORE_EnterCritical
 .text.CORE_ExitCritical
                0x0000f228        0x8 ./platform/emlib/src/em_core.o
                0x0000f228                CORE_ExitCritical
 .text.CORE_AtomicDisableIrq
                0x0000f230        0x4 ./platform/emlib/src/em_core.o
                0x0000f230                CORE_AtomicDisableIrq
 .text.CORE_AtomicEnableIrq
                0x0000f234        0x4 ./platform/emlib/src/em_core.o
                0x0000f234                CORE_AtomicEnableIrq
 .text.CORE_EnterAtomic
                0x0000f238        0x8 ./platform/emlib/src/em_core.o
                0x0000f238                CORE_EnterAtomic
 .text.CORE_ExitAtomic
                0x0000f240        0x8 ./platform/emlib/src/em_core.o
                0x0000f240                CORE_ExitAtomic
 .text.CORE_SetNvicRamTableHandler
                0x0000f248       0x10 ./platform/emlib/src/em_core.o
                0x0000f248                CORE_SetNvicRamTableHandler
 .text.CORE_InitNvicVectorTable
                0x0000f258       0x48 ./platform/emlib/src/em_core.o
                0x0000f258                CORE_InitNvicVectorTable
 .text.CRYPTO_ModulusSet
                0x0000f2a0       0x38 ./platform/emlib/src/em_crypto.o
                0x0000f2a0                CRYPTO_ModulusSet
 .text.CRYPTO_KeyRead
                0x0000f2d8       0x2c ./platform/emlib/src/em_crypto.o
                0x0000f2d8                CRYPTO_KeyRead
 .text.currentLimitersUpdate
                0x0000f304       0x74 ./platform/emlib/src/em_emu.o
 .text.dcdcHsFixLnBlock.part.0
                0x0000f378       0x30 ./platform/emlib/src/em_emu.o
 .text.dcdcFetCntSet.part.1
                0x0000f3a8       0x20 ./platform/emlib/src/em_emu.o
 .text.emState.part.2
                0x0000f3c8       0x24 ./platform/emlib/src/em_emu.o
 .text.emState  0x0000f3ec       0x60 ./platform/emlib/src/em_emu.o
 .text.EMU_EnterEM2
                0x0000f44c       0x5c ./platform/emlib/src/em_emu.o
                0x0000f44c                EMU_EnterEM2
 .text.EMU_EnterEM3
                0x0000f4a8       0x80 ./platform/emlib/src/em_emu.o
                0x0000f4a8                EMU_EnterEM3
 .text.EMU_Save
                0x0000f528        0x4 ./platform/emlib/src/em_emu.o
                0x0000f528                EMU_Save
 .text.EMU_Restore
                0x0000f52c        0x8 ./platform/emlib/src/em_emu.o
                0x0000f52c                EMU_Restore
 .text.EMU_DCDCModeSet
                0x0000f534       0x64 ./platform/emlib/src/em_emu.o
                0x0000f534                EMU_DCDCModeSet
 .text.EMU_EnterEM4
                0x0000f598       0x98 ./platform/emlib/src/em_emu.o
                0x0000f598                EMU_EnterEM4
 .text.EMU_DCDCOutputVoltageSet
                0x0000f630      0x1d0 ./platform/emlib/src/em_emu.o
                0x0000f630                EMU_DCDCOutputVoltageSet
 .text.EMU_DCDCOptimizeSlice
                0x0000f800       0x94 ./platform/emlib/src/em_emu.o
                0x0000f800                EMU_DCDCOptimizeSlice
 .text.EMU_DCDCLnRcoBandSet
                0x0000f894       0x24 ./platform/emlib/src/em_emu.o
                0x0000f894                EMU_DCDCLnRcoBandSet
 .text.EMU_DCDCInit
                0x0000f8b8      0x18c ./platform/emlib/src/em_emu.o
                0x0000f8b8                EMU_DCDCInit
 .text.EMU_SetBiasMode
                0x0000fa44       0x84 ./platform/emlib/src/em_emu.o
                0x0000fa44                EMU_SetBiasMode
 .text.GPIO_DriveStrengthSet
                0x0000fac8       0x20 ./platform/emlib/src/em_gpio.o
                0x0000fac8                GPIO_DriveStrengthSet
 .text.GPIO_PinModeSet
                0x0000fae8       0x84 ./platform/emlib/src/em_gpio.o
                0x0000fae8                GPIO_PinModeSet
 .text.I2C_BusFreqSet.part.0
                0x0000fb6c       0x60 ./platform/emlib/src/em_i2c.o
 .text.I2C_Enable
                0x0000fbcc        0xc ./platform/emlib/src/em_i2c.o
                0x0000fbcc                I2C_Enable
 .text.I2C_Init
                0x0000fbd8       0x3c ./platform/emlib/src/em_i2c.o
                0x0000fbd8                I2C_Init
 .text.LETIMER_CompareSet
                0x0000fc14       0x14 ./platform/emlib/src/em_letimer.o
                0x0000fc14                LETIMER_CompareSet
 .text.LETIMER_Enable
                0x0000fc28       0x10 ./platform/emlib/src/em_letimer.o
                0x0000fc28                LETIMER_Enable
 .text.LETIMER_Init
                0x0000fc38       0x60 ./platform/emlib/src/em_letimer.o
                0x0000fc38                LETIMER_Init
 .text.MSC_Init
                0x0000fc98       0x18 ./platform/emlib/src/em_msc.o
                0x0000fc98                MSC_Init
 .text.MSC_Deinit
                0x0000fcb0       0x14 ./platform/emlib/src/em_msc.o
                0x0000fcb0                MSC_Deinit
 .text.RMU_ResetCauseClear
                0x0000fcc4        0xc ./platform/emlib/src/em_rmu.o
                0x0000fcc4                RMU_ResetCauseClear
 .text.RMU_ResetCauseGet
                0x0000fcd0       0x7c ./platform/emlib/src/em_rmu.o
                0x0000fcd0                RMU_ResetCauseGet
 .text.RTCC_ChannelInit
                0x0000fd4c       0x3c ./platform/emlib/src/em_rtcc.o
                0x0000fd4c                RTCC_ChannelInit
 .text.RTCC_Init
                0x0000fd88       0x6c ./platform/emlib/src/em_rtcc.o
                0x0000fd88                RTCC_Init
 .text.SYSTEM_ChipRevisionGet
                0x0000fdf4       0x34 ./platform/emlib/src/em_system.o
                0x0000fdf4                SYSTEM_ChipRevisionGet
 .text.USART_BaudrateSyncSet
                0x0000fe28       0x24 ./platform/emlib/src/em_usart.o
                0x0000fe28                USART_BaudrateSyncSet
 .text.USART_InitSync
                0x0000fe4c       0xc8 ./platform/emlib/src/em_usart.o
                0x0000fe4c                USART_InitSync
 .text.USART_Reset
                0x0000ff14       0x4c ./platform/emlib/src/em_usart.o
                0x0000ff14                USART_Reset
 .text.USART_SpiTransfer
                0x0000ff60       0x14 ./platform/emlib/src/em_usart.o
                0x0000ff60                USART_SpiTransfer
 .text.i2c_init
                0x0000ff74       0xa4 ./src/airquality.o
                0x0000ff74                i2c_init
 .text.air_quality_init
                0x00010018       0x28 ./src/airquality.o
                0x00010018                air_quality_init
 .text.airquality_read
                0x00010040       0x5c ./src/airquality.o
                0x00010040                airquality_read
 .text.cmu_init
                0x0001009c       0x20 ./src/cmu.o
                0x0001009c                cmu_init
 .text.cmu_letimer_init
                0x000100bc       0x4c ./src/cmu.o
                0x000100bc                cmu_letimer_init
 .text.cmu_i2c_init
                0x00010108       0x20 ./src/cmu.o
                0x00010108                cmu_i2c_init
 .text.gpio_init
                0x00010128       0x48 ./src/gpio.o
                0x00010128                gpio_init
 .text.letimer_init
                0x00010170       0x70 ./src/letimer.o
                0x00010170                letimer_init
 .text.LETIMER0_IRQHandler
                0x000101e0       0x70 ./src/letimer.o
                0x000101e0                LETIMER0_IRQHandler
 .text.eventDefault
                0x00010250        0x2 C:\SiliconLabs\SimplicityStudio\v4_9\PCB_AIRQUALITY_2\platform\radio\rail_lib\autogen\librail_release\librail_efr32xg1_gcc_release.a(rail_rf_hal.o)
 *fill*         0x00010252        0x2 
 .text.setRssiPeriod
                0x00010254       0x18 C:\SiliconLabs\SimplicityStudio\v4_9\PCB_AIRQUALITY_2\platform\radio\rail_lib\autogen\librail_release\librail_efr32xg1_gcc_release.a(rail_rf_hal.o)
 .text.RFHAL_NotifyUserOfIrCal
                0x0001026c       0x80 C:\SiliconLabs\SimplicityStudio\v4_9\PCB_AIRQUALITY_2\platform\radio\rail_lib\autogen\librail_release\librail_efr32xg1_gcc_release.a(rail_rf_hal.o)
 *fill*         0x000102ec        0x4 
 .text.GENERIC_PHY_EventCallback
                0x000102f0      0x19c C:\SiliconLabs\SimplicityStudio\v4_9\PCB_AIRQUALITY_2\platform\radio\rail_lib\autogen\librail_release\librail_efr32xg1_gcc_release.a(rail_rf_hal.o)
                0x000102f0                GENERIC_PHY_EventCallback
 .text.RFHAL_IntEnable
                0x0001048c       0x56 C:\SiliconLabs\SimplicityStudio\v4_9\PCB_AIRQUALITY_2\platform\radio\rail_lib\autogen\librail_release\librail_efr32xg1_gcc_release.a(rail_rf_hal.o)
                0x0001048c                RFHAL_IntEnable
 *fill*         0x000104e2        0x2 
 .text.RFHAL_SetEventCallback
                0x000104e4       0x18 C:\SiliconLabs\SimplicityStudio\v4_9\PCB_AIRQUALITY_2\platform\radio\rail_lib\autogen\librail_release\librail_efr32xg1_gcc_release.a(rail_rf_hal.o)
                0x000104e4                RFHAL_SetEventCallback
 .text.RFHAL_SetPtiProtocol
                0x000104fc       0x20 C:\SiliconLabs\SimplicityStudio\v4_9\PCB_AIRQUALITY_2\platform\radio\rail_lib\autogen\librail_release\librail_efr32xg1_gcc_release.a(rail_rf_hal.o)
                0x000104fc                RFHAL_SetPtiProtocol
 .text.RFHAL_Idle
                0x0001051c       0x40 C:\SiliconLabs\SimplicityStudio\v4_9\PCB_AIRQUALITY_2\platform\radio\rail_lib\autogen\librail_release\librail_efr32xg1_gcc_release.a(rail_rf_hal.o)
                0x0001051c                RFHAL_Idle
 .text.RFHAL_GetRadioState
                0x0001055c       0x7c C:\SiliconLabs\SimplicityStudio\v4_9\PCB_AIRQUALITY_2\platform\radio\rail_lib\autogen\librail_release\librail_efr32xg1_gcc_release.a(rail_rf_hal.o)
                0x0001055c                RFHAL_GetRadioState
 .text.RFHAL_OkToTransmit
                0x000105d8       0x14 C:\SiliconLabs\SimplicityStudio\v4_9\PCB_AIRQUALITY_2\platform\radio\rail_lib\autogen\librail_release\librail_efr32xg1_gcc_release.a(rail_rf_hal.o)
                0x000105d8                RFHAL_OkToTransmit
 .text.RFHAL_ScheduleRx
                0x000105ec       0x74 C:\SiliconLabs\SimplicityStudio\v4_9\PCB_AIRQUALITY_2\platform\radio\rail_lib\autogen\librail_release\librail_efr32xg1_gcc_release.a(rail_rf_hal.o)
                0x000105ec                RFHAL_ScheduleRx
 .text.RFHAL_EnableRxRawCapture
                0x00010660       0x5c C:\SiliconLabs\SimplicityStudio\v4_9\PCB_AIRQUALITY_2\platform\radio\rail_lib\autogen\librail_release\librail_efr32xg1_gcc_release.a(rail_rf_hal.o)
                0x00010660                RFHAL_EnableRxRawCapture
 .text.RFHAL_DisableRxRawCapture
                0x000106bc       0x38 C:\SiliconLabs\SimplicityStudio\v4_9\PCB_AIRQUALITY_2\platform\radio\rail_lib\autogen\librail_release\librail_efr32xg1_gcc_release.a(rail_rf_hal.o)
                0x000106bc                RFHAL_DisableRxRawCapture
 .text.RFHAL_AcceptCrcErrors
                0x000106f4       0x18 C:\SiliconLabs\SimplicityStudio\v4_9\PCB_AIRQUALITY_2\platform\radio\rail_lib\autogen\librail_release\librail_efr32xg1_gcc_release.a(rail_rf_hal.o)
                0x000106f4                RFHAL_AcceptCrcErrors
 .text.RFHAL_ConfigRxOptions
                0x0001070c       0x74 C:\SiliconLabs\SimplicityStudio\v4_9\PCB_AIRQUALITY_2\platform\radio\rail_lib\autogen\librail_release\librail_efr32xg1_gcc_release.a(rail_rf_hal.o)
                0x0001070c                RFHAL_ConfigRxOptions
 .text.RFHAL_CancelTimer
                0x00010780       0x28 C:\SiliconLabs\SimplicityStudio\v4_9\PCB_AIRQUALITY_2\platform\radio\rail_lib\autogen\librail_release\librail_efr32xg1_gcc_release.a(rail_rf_hal.o)
                0x00010780                RFHAL_CancelTimer
 .text.RFHAL_SetTimer
                0x000107a8       0x80 C:\SiliconLabs\SimplicityStudio\v4_9\PCB_AIRQUALITY_2\platform\radio\rail_lib\autogen\librail_release\librail_efr32xg1_gcc_release.a(rail_rf_hal.o)
                0x000107a8                RFHAL_SetTimer
 .text.RFHAL_SetTxTransitions
                0x00010828       0x1c C:\SiliconLabs\SimplicityStudio\v4_9\PCB_AIRQUALITY_2\platform\radio\rail_lib\autogen\librail_release\librail_efr32xg1_gcc_release.a(rail_rf_hal.o)
                0x00010828                RFHAL_SetTxTransitions
 .text.RFHAL_SetRxTransitions
                0x00010844       0x1c C:\SiliconLabs\SimplicityStudio\v4_9\PCB_AIRQUALITY_2\platform\radio\rail_lib\autogen\librail_release\librail_efr32xg1_gcc_release.a(rail_rf_hal.o)
                0x00010844                RFHAL_SetRxTransitions
 .text.RFHAL_SetCRCInitVal
                0x00010860        0x4 C:\SiliconLabs\SimplicityStudio\v4_9\PCB_AIRQUALITY_2\platform\radio\rail_lib\autogen\librail_release\librail_efr32xg1_gcc_release.a(rail_rf_hal.o)
                0x00010860                RFHAL_SetCRCInitVal
 .text.RFHAL_ConfigTxPower
                0x00010864        0xc C:\SiliconLabs\SimplicityStudio\v4_9\PCB_AIRQUALITY_2\platform\radio\rail_lib\autogen\librail_release\librail_efr32xg1_gcc_release.a(rail_rf_hal.o)
                0x00010864                RFHAL_ConfigTxPower
 .text.RFHAL_SetTxPowerUnchecked
                0x00010870       0x18 C:\SiliconLabs\SimplicityStudio\v4_9\PCB_AIRQUALITY_2\platform\radio\rail_lib\autogen\librail_release\librail_efr32xg1_gcc_release.a(rail_rf_hal.o)
                0x00010870                RFHAL_SetTxPowerUnchecked
 .text.RFHAL_SetTxPower
                0x00010888       0x3c C:\SiliconLabs\SimplicityStudio\v4_9\PCB_AIRQUALITY_2\platform\radio\rail_lib\autogen\librail_release\librail_efr32xg1_gcc_release.a(rail_rf_hal.o)
                0x00010888                RFHAL_SetTxPower
 .text.RFHAL_GetTxPowerConfig
                0x000108c4        0xc C:\SiliconLabs\SimplicityStudio\v4_9\PCB_AIRQUALITY_2\platform\radio\rail_lib\autogen\librail_release\librail_efr32xg1_gcc_release.a(rail_rf_hal.o)
                0x000108c4                RFHAL_GetTxPowerConfig
 .text.RFHAL_GetTxPower
                0x000108d0        0x4 C:\SiliconLabs\SimplicityStudio\v4_9\PCB_AIRQUALITY_2\platform\radio\rail_lib\autogen\librail_release\librail_efr32xg1_gcc_release.a(rail_rf_hal.o)
                0x000108d0                RFHAL_GetTxPower
 .text.RFHAL_SetChannel
                0x000108d4       0x98 C:\SiliconLabs\SimplicityStudio\v4_9\PCB_AIRQUALITY_2\platform\radio\rail_lib\autogen\librail_release\librail_efr32xg1_gcc_release.a(rail_rf_hal.o)
                0x000108d4                RFHAL_SetChannel
 .text.RFHAL_IsAutoAckEnabled
                0x0001096c        0x6 C:\SiliconLabs\SimplicityStudio\v4_9\PCB_AIRQUALITY_2\platform\radio\rail_lib\autogen\librail_release\librail_efr32xg1_gcc_release.a(rail_rf_hal.o)
                0x0001096c                RFHAL_IsAutoAckEnabled
 *fill*         0x00010972        0x2 
 .text.RFHAL_AutoAckWaitForAck
                0x00010974       0x18 C:\SiliconLabs\SimplicityStudio\v4_9\PCB_AIRQUALITY_2\platform\radio\rail_lib\autogen\librail_release\librail_efr32xg1_gcc_release.a(rail_rf_hal.o)
                0x00010974                RFHAL_AutoAckWaitForAck
 .text.preTxOps
                0x0001098c       0xc4 C:\SiliconLabs\SimplicityStudio\v4_9\PCB_AIRQUALITY_2\platform\radio\rail_lib\autogen\librail_release\librail_efr32xg1_gcc_release.a(rail_rf_hal.o)
 .text.RFHAL_StartTx
                0x00010a50       0x12 C:\SiliconLabs\SimplicityStudio\v4_9\PCB_AIRQUALITY_2\platform\radio\rail_lib\autogen\librail_release\librail_efr32xg1_gcc_release.a(rail_rf_hal.o)
                0x00010a50                RFHAL_StartTx
 .text.RFHAL_StartScheduledTx
                0x00010a62       0x3a C:\SiliconLabs\SimplicityStudio\v4_9\PCB_AIRQUALITY_2\platform\radio\rail_lib\autogen\librail_release\librail_efr32xg1_gcc_release.a(rail_rf_hal.o)
                0x00010a62                RFHAL_StartScheduledTx
 .text.RFHAL_GetRxPacketInfo
                0x00010a9c       0x48 C:\SiliconLabs\SimplicityStudio\v4_9\PCB_AIRQUALITY_2\platform\radio\rail_lib\autogen\librail_release\librail_efr32xg1_gcc_release.a(rail_rf_hal.o)
                0x00010a9c                RFHAL_GetRxPacketInfo
 .text.RFHAL_GetRxPacketDetails
                0x00010ae4       0xcc C:\SiliconLabs\SimplicityStudio\v4_9\PCB_AIRQUALITY_2\platform\radio\rail_lib\autogen\librail_release\librail_efr32xg1_gcc_release.a(rail_rf_hal.o)
                0x00010ae4                RFHAL_GetRxPacketDetails
 .text.RFHAL_SetTxBuffer
                0x00010bb0       0x3a C:\SiliconLabs\SimplicityStudio\v4_9\PCB_AIRQUALITY_2\platform\radio\rail_lib\autogen\librail_release\librail_efr32xg1_gcc_release.a(rail_rf_hal.o)
                0x00010bb0                RFHAL_SetTxBuffer
 *fill*         0x00010bea        0x2 
 .text.RFHAL_ResetTxFifo
                0x00010bec       0x2c C:\SiliconLabs\SimplicityStudio\v4_9\PCB_AIRQUALITY_2\platform\radio\rail_lib\autogen\librail_release\librail_efr32xg1_gcc_release.a(rail_rf_hal.o)
                0x00010bec                RFHAL_ResetTxFifo
 .text.RFHAL_WriteTxFifo
                0x00010c18       0x28 C:\SiliconLabs\SimplicityStudio\v4_9\PCB_AIRQUALITY_2\platform\radio\rail_lib\autogen\librail_release\librail_efr32xg1_gcc_release.a(rail_rf_hal.o)
                0x00010c18                RFHAL_WriteTxFifo
 .text.RFHAL_ResetRxFifo
                0x00010c40       0x40 C:\SiliconLabs\SimplicityStudio\v4_9\PCB_AIRQUALITY_2\platform\radio\rail_lib\autogen\librail_release\librail_efr32xg1_gcc_release.a(rail_rf_hal.o)
                0x00010c40                RFHAL_ResetRxFifo
 .text.RFHAL_ConfigData
                0x00010c80       0x7c C:\SiliconLabs\SimplicityStudio\v4_9\PCB_AIRQUALITY_2\platform\radio\rail_lib\autogen\librail_release\librail_efr32xg1_gcc_release.a(rail_rf_hal.o)
                0x00010c80                RFHAL_ConfigData
 .text.RFHAL_Init
                0x00010cfc       0xa0 C:\SiliconLabs\SimplicityStudio\v4_9\PCB_AIRQUALITY_2\platform\radio\rail_lib\autogen\librail_release\librail_efr32xg1_gcc_release.a(rail_rf_hal.o)
                0x00010cfc                RFHAL_Init
 .text.RFHAL_SetFixedLength
                0x00010d9c       0x8c C:\SiliconLabs\SimplicityStudio\v4_9\PCB_AIRQUALITY_2\platform\radio\rail_lib\autogen\librail_release\librail_efr32xg1_gcc_release.a(rail_rf_hal.o)
                0x00010d9c                RFHAL_SetFixedLength
 .text.RFHAL_SetAbortScheduledTxDuringRx
                0x00010e28       0x18 C:\SiliconLabs\SimplicityStudio\v4_9\PCB_AIRQUALITY_2\platform\radio\rail_lib\autogen\librail_release\librail_efr32xg1_gcc_release.a(rail_rf_hal.o)
                0x00010e28                RFHAL_SetAbortScheduledTxDuringRx
 .text.RFHAL_ConfigRadio
                0x00010e40       0xe0 C:\SiliconLabs\SimplicityStudio\v4_9\PCB_AIRQUALITY_2\platform\radio\rail_lib\autogen\librail_release\librail_efr32xg1_gcc_release.a(rail_rf_hal.o)
                0x00010e40                RFHAL_ConfigRadio
 .text.RFHAL_GetTime
                0x00010f20        0xe C:\SiliconLabs\SimplicityStudio\v4_9\PCB_AIRQUALITY_2\platform\radio\rail_lib\autogen\librail_release\librail_efr32xg1_gcc_release.a(rail_rf_hal.o)
                0x00010f20                RFHAL_GetTime
 .text.RFHAL_GetRadioEntropy
                0x00010f2e        0x4 C:\SiliconLabs\SimplicityStudio\v4_9\PCB_AIRQUALITY_2\platform\radio\rail_lib\autogen\librail_release\librail_efr32xg1_gcc_release.a(rail_rf_hal.o)
                0x00010f2e                RFHAL_GetRadioEntropy
 .text.RFHAL_SetStateTiming
                0x00010f32       0x4e C:\SiliconLabs\SimplicityStudio\v4_9\PCB_AIRQUALITY_2\platform\radio\rail_lib\autogen\librail_release\librail_efr32xg1_gcc_release.a(rail_rf_hal.o)
                0x00010f32                RFHAL_SetStateTiming
 .text.RAIL_Init
                0x00010f80       0x20 C:\SiliconLabs\SimplicityStudio\v4_9\PCB_AIRQUALITY_2\platform\radio\rail_lib\autogen\librail_release\librail_efr32xg1_gcc_release.a(rail_singleprotocol.o)
                0x00010f80                RAIL_Init
 .text.RAIL_GetSchedulerStatus
                0x00010fa0        0x4 C:\SiliconLabs\SimplicityStudio\v4_9\PCB_AIRQUALITY_2\platform\radio\rail_lib\autogen\librail_release\librail_efr32xg1_gcc_release.a(rail_singleprotocol.o)
                0x00010fa0                RAIL_GetSchedulerStatus
 .text.RAIL_Idle
                0x00010fa4        0x8 C:\SiliconLabs\SimplicityStudio\v4_9\PCB_AIRQUALITY_2\platform\radio\rail_lib\autogen\librail_release\librail_efr32xg1_gcc_release.a(rail_singleprotocol.o)
                0x00010fa4                RAIL_Idle
 .text.RAIL_YieldRadio
                0x00010fac        0x2 C:\SiliconLabs\SimplicityStudio\v4_9\PCB_AIRQUALITY_2\platform\radio\rail_lib\autogen\librail_release\librail_efr32xg1_gcc_release.a(rail_singleprotocol.o)
                0x00010fac                RAIL_YieldRadio
 .text.RAIL_GetRadioEntropy
                0x00010fae        0x8 C:\SiliconLabs\SimplicityStudio\v4_9\PCB_AIRQUALITY_2\platform\radio\rail_lib\autogen\librail_release\librail_efr32xg1_gcc_release.a(rail_singleprotocol.o)
                0x00010fae                RAIL_GetRadioEntropy
 .text.RAIL_SetTimer
                0x00010fb6       0x14 C:\SiliconLabs\SimplicityStudio\v4_9\PCB_AIRQUALITY_2\platform\radio\rail_lib\autogen\librail_release\librail_efr32xg1_gcc_release.a(rail_singleprotocol.o)
                0x00010fb6                RAIL_SetTimer
 .text.RAIL_CancelTimer
                0x00010fca        0x4 C:\SiliconLabs\SimplicityStudio\v4_9\PCB_AIRQUALITY_2\platform\radio\rail_lib\autogen\librail_release\librail_efr32xg1_gcc_release.a(rail_singleprotocol.o)
                0x00010fca                RAIL_CancelTimer
 .text.RAIL_StartTx
                0x00010fce        0xa C:\SiliconLabs\SimplicityStudio\v4_9\PCB_AIRQUALITY_2\platform\radio\rail_lib\autogen\librail_release\librail_efr32xg1_gcc_release.a(rail_singleprotocol.o)
                0x00010fce                RAIL_StartTx
 .text.RAIL_StartScheduledTx
                0x00010fd8        0xa C:\SiliconLabs\SimplicityStudio\v4_9\PCB_AIRQUALITY_2\platform\radio\rail_lib\autogen\librail_release\librail_efr32xg1_gcc_release.a(rail_singleprotocol.o)
                0x00010fd8                RAIL_StartScheduledTx
 .text.RAIL_ScheduleRx
                0x00010fe2        0xa C:\SiliconLabs\SimplicityStudio\v4_9\PCB_AIRQUALITY_2\platform\radio\rail_lib\autogen\librail_release\librail_efr32xg1_gcc_release.a(rail_singleprotocol.o)
                0x00010fe2                RAIL_ScheduleRx
 .text.radioConfigChangedDefault
                0x00010fec        0x2 C:\SiliconLabs\SimplicityStudio\v4_9\PCB_AIRQUALITY_2\platform\radio\rail_lib\autogen\librail_release\librail_efr32xg1_gcc_release.a(rail_rf.o)
 .text.isTransitionState
                0x00010fee       0x12 C:\SiliconLabs\SimplicityStudio\v4_9\PCB_AIRQUALITY_2\platform\radio\rail_lib\autogen\librail_release\librail_efr32xg1_gcc_release.a(rail_rf.o)
 .text.RAILCore_Init
                0x00011000       0x12 C:\SiliconLabs\SimplicityStudio\v4_9\PCB_AIRQUALITY_2\platform\radio\rail_lib\autogen\librail_release\librail_efr32xg1_gcc_release.a(rail_rf.o)
                0x00011000                RAILCore_Init
 *fill*         0x00011012        0x2 
 .text.RAILInt_SetCallbackConfig
                0x00011014       0x20 C:\SiliconLabs\SimplicityStudio\v4_9\PCB_AIRQUALITY_2\platform\radio\rail_lib\autogen\librail_release\librail_efr32xg1_gcc_release.a(rail_rf.o)
                0x00011014                RAILInt_SetCallbackConfig
 .text.RAILCore_Idle
                0x00011034       0x14 C:\SiliconLabs\SimplicityStudio\v4_9\PCB_AIRQUALITY_2\platform\radio\rail_lib\autogen\librail_release\librail_efr32xg1_gcc_release.a(rail_rf.o)
                0x00011034                RAILCore_Idle
 .text.RAILCore_GetRadioState
                0x00011048        0x4 C:\SiliconLabs\SimplicityStudio\v4_9\PCB_AIRQUALITY_2\platform\radio\rail_lib\autogen\librail_release\librail_efr32xg1_gcc_release.a(rail_rf.o)
                0x00011048                RAILCore_GetRadioState
 .text.RAIL_SetStateTiming
                0x0001104c        0xa C:\SiliconLabs\SimplicityStudio\v4_9\PCB_AIRQUALITY_2\platform\radio\rail_lib\autogen\librail_release\librail_efr32xg1_gcc_release.a(rail_rf.o)
                0x0001104c                RAIL_SetStateTiming
 *fill*         0x00011056        0x2 
 .text.RAILInt_IsPowerInRange
                0x00011058       0x3c C:\SiliconLabs\SimplicityStudio\v4_9\PCB_AIRQUALITY_2\platform\radio\rail_lib\autogen\librail_release\librail_efr32xg1_gcc_release.a(rail_rf.o)
                0x00011058                RAILInt_IsPowerInRange
 .text.RAILInt_SetChannel
                0x00011094      0x1d8 C:\SiliconLabs\SimplicityStudio\v4_9\PCB_AIRQUALITY_2\platform\radio\rail_lib\autogen\librail_release\librail_efr32xg1_gcc_release.a(rail_rf.o)
                0x00011094                RAILInt_SetChannel
 .text.RAILCore_ConfigChannels
                0x0001126c       0x58 C:\SiliconLabs\SimplicityStudio\v4_9\PCB_AIRQUALITY_2\platform\radio\rail_lib\autogen\librail_release\librail_efr32xg1_gcc_release.a(rail_rf.o)
                0x0001126c                RAILCore_ConfigChannels
 .text.RAILInt_GetChannel
                0x000112c4        0x4 C:\SiliconLabs\SimplicityStudio\v4_9\PCB_AIRQUALITY_2\platform\radio\rail_lib\autogen\librail_release\librail_efr32xg1_gcc_release.a(rail_rf.o)
                0x000112c4                RAILInt_GetChannel
 .text.RAILCore_SetTxTransitions
                0x000112c8       0x3c C:\SiliconLabs\SimplicityStudio\v4_9\PCB_AIRQUALITY_2\platform\radio\rail_lib\autogen\librail_release\librail_efr32xg1_gcc_release.a(rail_rf.o)
                0x000112c8                RAILCore_SetTxTransitions
 .text.RAIL_SetTxTransitions
                0x00011304        0xa C:\SiliconLabs\SimplicityStudio\v4_9\PCB_AIRQUALITY_2\platform\radio\rail_lib\autogen\librail_release\librail_efr32xg1_gcc_release.a(rail_rf.o)
                0x00011304                RAIL_SetTxTransitions
 .text.RAILCore_SetRxTransitions
                0x0001130e       0x38 C:\SiliconLabs\SimplicityStudio\v4_9\PCB_AIRQUALITY_2\platform\radio\rail_lib\autogen\librail_release\librail_efr32xg1_gcc_release.a(rail_rf.o)
                0x0001130e                RAILCore_SetRxTransitions
 .text.RAIL_SetRxTransitions
                0x00011346        0xa C:\SiliconLabs\SimplicityStudio\v4_9\PCB_AIRQUALITY_2\platform\radio\rail_lib\autogen\librail_release\librail_efr32xg1_gcc_release.a(rail_rf.o)
                0x00011346                RAIL_SetRxTransitions
 .text.RAIL_ConfigEvents
                0x00011350       0x14 C:\SiliconLabs\SimplicityStudio\v4_9\PCB_AIRQUALITY_2\platform\radio\rail_lib\autogen\librail_release\librail_efr32xg1_gcc_release.a(rail_rf.o)
                0x00011350                RAIL_ConfigEvents
 .text.RAIL_ConfigRxOptions
                0x00011364        0xa C:\SiliconLabs\SimplicityStudio\v4_9\PCB_AIRQUALITY_2\platform\radio\rail_lib\autogen\librail_release\librail_efr32xg1_gcc_release.a(rail_rx.o)
                0x00011364                RAIL_ConfigRxOptions
 .text.RAILCore_ScheduleRx
                0x0001136e       0x2c C:\SiliconLabs\SimplicityStudio\v4_9\PCB_AIRQUALITY_2\platform\radio\rail_lib\autogen\librail_release\librail_efr32xg1_gcc_release.a(rail_rx.o)
                0x0001136e                RAILCore_ScheduleRx
 .text.RAILInt_PreTxOps
                0x0001139a       0x1c C:\SiliconLabs\SimplicityStudio\v4_9\PCB_AIRQUALITY_2\platform\radio\rail_lib\autogen\librail_release\librail_efr32xg1_gcc_release.a(rail_tx.o)
                0x0001139a                RAILInt_PreTxOps
 .text.RAILCore_StartTx
                0x000113b6       0x1a C:\SiliconLabs\SimplicityStudio\v4_9\PCB_AIRQUALITY_2\platform\radio\rail_lib\autogen\librail_release\librail_efr32xg1_gcc_release.a(rail_tx.o)
                0x000113b6                RAILCore_StartTx
 .text.RAILCore_StartScheduledTx
                0x000113d0       0x1e C:\SiliconLabs\SimplicityStudio\v4_9\PCB_AIRQUALITY_2\platform\radio\rail_lib\autogen\librail_release\librail_efr32xg1_gcc_release.a(rail_tx.o)
                0x000113d0                RAILCore_StartScheduledTx
 .text.RAIL_SetTxPower
                0x000113ee        0xa C:\SiliconLabs\SimplicityStudio\v4_9\PCB_AIRQUALITY_2\platform\radio\rail_lib\autogen\librail_release\librail_efr32xg1_gcc_release.a(rail_tx.o)
                0x000113ee                RAIL_SetTxPower
 .text.RAIL_GetTxPower
                0x000113f8        0xa C:\SiliconLabs\SimplicityStudio\v4_9\PCB_AIRQUALITY_2\platform\radio\rail_lib\autogen\librail_release\librail_efr32xg1_gcc_release.a(rail_tx.o)
                0x000113f8                RAIL_GetTxPower
 .text.RAIL_ConfigTxPower
                0x00011402       0x1a C:\SiliconLabs\SimplicityStudio\v4_9\PCB_AIRQUALITY_2\platform\radio\rail_lib\autogen\librail_release\librail_efr32xg1_gcc_release.a(rail_tx.o)
                0x00011402                RAIL_ConfigTxPower
 .text.RAILInt_PendCal
                0x0001141c       0x24 C:\SiliconLabs\SimplicityStudio\v4_9\PCB_AIRQUALITY_2\platform\radio\rail_lib\autogen\librail_release\librail_efr32xg1_gcc_release.a(rail_calibration.o)
                0x0001141c                RAILInt_PendCal
 .text.RAILCb_AssertFailed
                0x00011440       0x14 C:\SiliconLabs\SimplicityStudio\v4_9\PCB_AIRQUALITY_2\platform\radio\rail_lib\autogen\librail_release\librail_efr32xg1_gcc_release.a(rail_assert.o)
                0x00011440                RAILCb_AssertFailed
 .text.RAILInt_Assert
                0x00011454       0x1c C:\SiliconLabs\SimplicityStudio\v4_9\PCB_AIRQUALITY_2\platform\radio\rail_lib\autogen\librail_release\librail_efr32xg1_gcc_release.a(rail_assert.o)
                0x00011454                RAILInt_Assert
 .text.RAILCore_GetRadioEntropy
                0x00011470        0x4 C:\SiliconLabs\SimplicityStudio\v4_9\PCB_AIRQUALITY_2\platform\radio\rail_lib\autogen\librail_release\librail_efr32xg1_gcc_release.a(rail_rssi.o)
                0x00011470                RAILCore_GetRadioEntropy
 .text.BUFC_ReadHelper
                0x00011474       0x7c C:\SiliconLabs\SimplicityStudio\v4_9\PCB_AIRQUALITY_2\platform\radio\rail_lib\autogen\librail_release\librail_efr32xg1_gcc_release.a(bufc.o)
 .text.checkAndAddRxLenOverflowEntry
                0x000114f0       0x3c C:\SiliconLabs\SimplicityStudio\v4_9\PCB_AIRQUALITY_2\platform\radio\rail_lib\autogen\librail_release\librail_efr32xg1_gcc_release.a(bufc.o)
 .text.BUFC_SetTxBuffer
                0x0001152c       0x38 C:\SiliconLabs\SimplicityStudio\v4_9\PCB_AIRQUALITY_2\platform\radio\rail_lib\autogen\librail_release\librail_efr32xg1_gcc_release.a(bufc.o)
                0x0001152c                BUFC_SetTxBuffer
 .text.BUFC_WriteBuffer
                0x00011564       0xa8 C:\SiliconLabs\SimplicityStudio\v4_9\PCB_AIRQUALITY_2\platform\radio\rail_lib\autogen\librail_release\librail_efr32xg1_gcc_release.a(bufc.o)
                0x00011564                BUFC_WriteBuffer
 .text.BUFC_Peek
                0x0001160c       0x12 C:\SiliconLabs\SimplicityStudio\v4_9\PCB_AIRQUALITY_2\platform\radio\rail_lib\autogen\librail_release\librail_efr32xg1_gcc_release.a(bufc.o)
                0x0001160c                BUFC_Peek
 .text.BUFC_PeekByte
                0x0001161e       0x34 C:\SiliconLabs\SimplicityStudio\v4_9\PCB_AIRQUALITY_2\platform\radio\rail_lib\autogen\librail_release\librail_efr32xg1_gcc_release.a(bufc.o)
                0x0001161e                BUFC_PeekByte
 *fill*         0x00011652        0x2 
 .text.BUFC_GetSpaceAvailable
                0x00011654       0x28 C:\SiliconLabs\SimplicityStudio\v4_9\PCB_AIRQUALITY_2\platform\radio\rail_lib\autogen\librail_release\librail_efr32xg1_gcc_release.a(bufc.o)
                0x00011654                BUFC_GetSpaceAvailable
 .text.BUFC_GetBytesAvailable
                0x0001167c       0x14 C:\SiliconLabs\SimplicityStudio\v4_9\PCB_AIRQUALITY_2\platform\radio\rail_lib\autogen\librail_release\librail_efr32xg1_gcc_release.a(bufc.o)
                0x0001167c                BUFC_GetBytesAvailable
 .text.BUFC_TxAckBufferSet
                0x00011690       0x38 C:\SiliconLabs\SimplicityStudio\v4_9\PCB_AIRQUALITY_2\platform\radio\rail_lib\autogen\librail_release\librail_efr32xg1_gcc_release.a(bufc.o)
                0x00011690                BUFC_TxAckBufferSet
 .text.BUFC_TxAckBufferReset
                0x000116c8        0x8 C:\SiliconLabs\SimplicityStudio\v4_9\PCB_AIRQUALITY_2\platform\radio\rail_lib\autogen\librail_release\librail_efr32xg1_gcc_release.a(bufc.o)
                0x000116c8                BUFC_TxAckBufferReset
 .text.BUFC_RxBufferReset
                0x000116d0       0x5c C:\SiliconLabs\SimplicityStudio\v4_9\PCB_AIRQUALITY_2\platform\radio\rail_lib\autogen\librail_release\librail_efr32xg1_gcc_release.a(bufc.o)
                0x000116d0                BUFC_RxBufferReset
 .text.BUFC_Init
                0x0001172c       0x98 C:\SiliconLabs\SimplicityStudio\v4_9\PCB_AIRQUALITY_2\platform\radio\rail_lib\autogen\librail_release\librail_efr32xg1_gcc_release.a(bufc.o)
                0x0001172c                BUFC_Init
 .text.BUFC_RxBufferBytesAvailable
                0x000117c4       0x10 C:\SiliconLabs\SimplicityStudio\v4_9\PCB_AIRQUALITY_2\platform\radio\rail_lib\autogen\librail_release\librail_efr32xg1_gcc_release.a(bufc.o)
                0x000117c4                BUFC_RxBufferBytesAvailable
 .text.BUFC_ReleaseRxPacket
                0x000117d4      0x10c C:\SiliconLabs\SimplicityStudio\v4_9\PCB_AIRQUALITY_2\platform\radio\rail_lib\autogen\librail_release\librail_efr32xg1_gcc_release.a(bufc.o)
                0x000117d4                BUFC_ReleaseRxPacket
 .text.BUFC_StartRxLenThrEvent
                0x000118e0       0x8c C:\SiliconLabs\SimplicityStudio\v4_9\PCB_AIRQUALITY_2\platform\radio\rail_lib\autogen\librail_release\librail_efr32xg1_gcc_release.a(bufc.o)
                0x000118e0                BUFC_StartRxLenThrEvent
 .text.BUFC_EndRxLenThrEvent
                0x0001196c       0x1c C:\SiliconLabs\SimplicityStudio\v4_9\PCB_AIRQUALITY_2\platform\radio\rail_lib\autogen\librail_release\librail_efr32xg1_gcc_release.a(bufc.o)
                0x0001196c                BUFC_EndRxLenThrEvent
 .text.BUFC_HandleRxLenOvfEvent
                0x00011988       0x28 C:\SiliconLabs\SimplicityStudio\v4_9\PCB_AIRQUALITY_2\platform\radio\rail_lib\autogen\librail_release\librail_efr32xg1_gcc_release.a(bufc.o)
                0x00011988                BUFC_HandleRxLenOvfEvent
 .text.BUFC_GetRxPacketInfo
                0x000119b0      0x138 C:\SiliconLabs\SimplicityStudio\v4_9\PCB_AIRQUALITY_2\platform\radio\rail_lib\autogen\librail_release\librail_efr32xg1_gcc_release.a(bufc.o)
                0x000119b0                BUFC_GetRxPacketInfo
 .text.IRCAL_Set
                0x00011ae8       0x1c C:\SiliconLabs\SimplicityStudio\v4_9\PCB_AIRQUALITY_2\platform\radio\rail_lib\autogen\librail_release\librail_efr32xg1_gcc_release.a(ir_cal.o)
                0x00011ae8                IRCAL_Set
 .text.IRCAL_Init
                0x00011b04       0xa8 C:\SiliconLabs\SimplicityStudio\v4_9\PCB_AIRQUALITY_2\platform\radio\rail_lib\autogen\librail_release\librail_efr32xg1_gcc_release.a(ir_cal.o)
                0x00011b04                IRCAL_Init
 .text.PA_ProtectPa
                0x00011bac       0xbc C:\SiliconLabs\SimplicityStudio\v4_9\PCB_AIRQUALITY_2\platform\radio\rail_lib\autogen\librail_release\librail_efr32xg1_gcc_release.a(pa.o)
 .text.getRampTimeFromLevelAndRate
                0x00011c68       0x20 C:\SiliconLabs\SimplicityStudio\v4_9\PCB_AIRQUALITY_2\platform\radio\rail_lib\autogen\librail_release\librail_efr32xg1_gcc_release.a(pa.o)
 .text.PA_GetTxPowerConfig
                0x00011c88       0x14 C:\SiliconLabs\SimplicityStudio\v4_9\PCB_AIRQUALITY_2\platform\radio\rail_lib\autogen\librail_release\librail_efr32xg1_gcc_release.a(pa.o)
                0x00011c88                PA_GetTxPowerConfig
 .text.PA_GetPowerLevel
                0x00011c9c        0xc C:\SiliconLabs\SimplicityStudio\v4_9\PCB_AIRQUALITY_2\platform\radio\rail_lib\autogen\librail_release\librail_efr32xg1_gcc_release.a(pa.o)
                0x00011c9c                PA_GetPowerLevel
 .text.PA_SetPowerLevel
                0x00011ca8      0x194 C:\SiliconLabs\SimplicityStudio\v4_9\PCB_AIRQUALITY_2\platform\radio\rail_lib\autogen\librail_release\librail_efr32xg1_gcc_release.a(pa.o)
                0x00011ca8                PA_SetPowerLevel
 .text.PA_RunPeakDetectorHigh
                0x00011e3c       0x4c C:\SiliconLabs\SimplicityStudio\v4_9\PCB_AIRQUALITY_2\platform\radio\rail_lib\autogen\librail_release\librail_efr32xg1_gcc_release.a(pa.o)
                0x00011e3c                PA_RunPeakDetectorHigh
 .text.PA_RunPeakDetectorLow
                0x00011e88        0x2 C:\SiliconLabs\SimplicityStudio\v4_9\PCB_AIRQUALITY_2\platform\radio\rail_lib\autogen\librail_release\librail_efr32xg1_gcc_release.a(pa.o)
                0x00011e88                PA_RunPeakDetectorLow
 *fill*         0x00011e8a        0x2 
 .text.PA_RunBatHigh
                0x00011e8c       0x2c C:\SiliconLabs\SimplicityStudio\v4_9\PCB_AIRQUALITY_2\platform\radio\rail_lib\autogen\librail_release\librail_efr32xg1_gcc_release.a(pa.o)
                0x00011e8c                PA_RunBatHigh
 .text.PA_GetRampTime
                0x00011eb8        0xc C:\SiliconLabs\SimplicityStudio\v4_9\PCB_AIRQUALITY_2\platform\radio\rail_lib\autogen\librail_release\librail_efr32xg1_gcc_release.a(pa.o)
                0x00011eb8                PA_GetRampTime
 .text.PA_ConfigRamp
                0x00011ec4       0x20 C:\SiliconLabs\SimplicityStudio\v4_9\PCB_AIRQUALITY_2\platform\radio\rail_lib\autogen\librail_release\librail_efr32xg1_gcc_release.a(pa.o)
                0x00011ec4                PA_ConfigRamp
 .text.PA_CalcRampTime
                0x00011ee4       0x44 C:\SiliconLabs\SimplicityStudio\v4_9\PCB_AIRQUALITY_2\platform\radio\rail_lib\autogen\librail_release\librail_efr32xg1_gcc_release.a(pa.o)
                0x00011ee4                PA_CalcRampTime
 .text.PA_SetRampTime
                0x00011f28       0xac C:\SiliconLabs\SimplicityStudio\v4_9\PCB_AIRQUALITY_2\platform\radio\rail_lib\autogen\librail_release\librail_efr32xg1_gcc_release.a(pa.o)
                0x00011f28                PA_SetRampTime
 .text.PA_SelectBand
                0x00011fd4       0x50 C:\SiliconLabs\SimplicityStudio\v4_9\PCB_AIRQUALITY_2\platform\radio\rail_lib\autogen\librail_release\librail_efr32xg1_gcc_release.a(pa.o)
                0x00011fd4                PA_SelectBand
 .text.PA_Config
                0x00012024      0x15c C:\SiliconLabs\SimplicityStudio\v4_9\PCB_AIRQUALITY_2\platform\radio\rail_lib\autogen\librail_release\librail_efr32xg1_gcc_release.a(pa.o)
                0x00012024                PA_Config
 .text.PA_UpdateConfig
                0x00012180       0x38 C:\SiliconLabs\SimplicityStudio\v4_9\PCB_AIRQUALITY_2\platform\radio\rail_lib\autogen\librail_release\librail_efr32xg1_gcc_release.a(pa.o)
                0x00012180                PA_UpdateConfig
 .text.PROTIMER_Init
                0x000121b8      0x108 C:\SiliconLabs\SimplicityStudio\v4_9\PCB_AIRQUALITY_2\platform\radio\rail_lib\autogen\librail_release\librail_efr32xg1_gcc_release.a(protimer.o)
                0x000121b8                PROTIMER_Init
 .text.PROTIMER_Start
                0x000122c0       0x1c C:\SiliconLabs\SimplicityStudio\v4_9\PCB_AIRQUALITY_2\platform\radio\rail_lib\autogen\librail_release\librail_efr32xg1_gcc_release.a(protimer.o)
                0x000122c0                PROTIMER_Start
 .text.PROTIMER_IsRunning
                0x000122dc       0x10 C:\SiliconLabs\SimplicityStudio\v4_9\PCB_AIRQUALITY_2\platform\radio\rail_lib\autogen\librail_release\librail_efr32xg1_gcc_release.a(protimer.o)
                0x000122dc                PROTIMER_IsRunning
 .text.PROTIMER_ElapsedTime
                0x000122ec       0x18 C:\SiliconLabs\SimplicityStudio\v4_9\PCB_AIRQUALITY_2\platform\radio\rail_lib\autogen\librail_release\librail_efr32xg1_gcc_release.a(protimer.o)
                0x000122ec                PROTIMER_ElapsedTime
 .text.PROTIMER_CCTimerStop
                0x00012304       0x20 C:\SiliconLabs\SimplicityStudio\v4_9\PCB_AIRQUALITY_2\platform\radio\rail_lib\autogen\librail_release\librail_efr32xg1_gcc_release.a(protimer.o)
                0x00012304                PROTIMER_CCTimerStop
 .text.PROTIMER_CCTimerStart
                0x00012324      0x164 C:\SiliconLabs\SimplicityStudio\v4_9\PCB_AIRQUALITY_2\platform\radio\rail_lib\autogen\librail_release\librail_efr32xg1_gcc_release.a(protimer.o)
                0x00012324                PROTIMER_CCTimerStart
 .text.PROTIMER_WrapMultiple
                0x00012488       0x12 C:\SiliconLabs\SimplicityStudio\v4_9\PCB_AIRQUALITY_2\platform\radio\rail_lib\autogen\librail_release\librail_efr32xg1_gcc_release.a(protimer.o)
                0x00012488                PROTIMER_WrapMultiple
 *fill*         0x0001249a        0x2 
 .text.PROTIMER_CCTimerIsEnabled
                0x0001249c       0x10 C:\SiliconLabs\SimplicityStudio\v4_9\PCB_AIRQUALITY_2\platform\radio\rail_lib\autogen\librail_release\librail_efr32xg1_gcc_release.a(protimer.o)
                0x0001249c                PROTIMER_CCTimerIsEnabled
 .text.PROTIMER_CCTimerCapture
                0x000124ac       0x14 C:\SiliconLabs\SimplicityStudio\v4_9\PCB_AIRQUALITY_2\platform\radio\rail_lib\autogen\librail_release\librail_efr32xg1_gcc_release.a(protimer.o)
                0x000124ac                PROTIMER_CCTimerCapture
 .text.PROTIMER_ScheduleTxEnable
                0x000124c0       0x2c C:\SiliconLabs\SimplicityStudio\v4_9\PCB_AIRQUALITY_2\platform\radio\rail_lib\autogen\librail_release\librail_efr32xg1_gcc_release.a(protimer.o)
                0x000124c0                PROTIMER_ScheduleTxEnable
 .text.PROTIMER_ClearTxEnable
                0x000124ec        0xc C:\SiliconLabs\SimplicityStudio\v4_9\PCB_AIRQUALITY_2\platform\radio\rail_lib\autogen\librail_release\librail_efr32xg1_gcc_release.a(protimer.o)
                0x000124ec                PROTIMER_ClearTxEnable
 .text.PROTIMER_ScheduleRxEnable
                0x000124f8       0x2c C:\SiliconLabs\SimplicityStudio\v4_9\PCB_AIRQUALITY_2\platform\radio\rail_lib\autogen\librail_release\librail_efr32xg1_gcc_release.a(protimer.o)
                0x000124f8                PROTIMER_ScheduleRxEnable
 .text.PROTIMER_ScheduleRxDisable
                0x00012524       0x38 C:\SiliconLabs\SimplicityStudio\v4_9\PCB_AIRQUALITY_2\platform\radio\rail_lib\autogen\librail_release\librail_efr32xg1_gcc_release.a(protimer.o)
                0x00012524                PROTIMER_ScheduleRxDisable
 .text.PROTIMER_ClearRxEnable
                0x0001255c       0x10 C:\SiliconLabs\SimplicityStudio\v4_9\PCB_AIRQUALITY_2\platform\radio\rail_lib\autogen\librail_release\librail_efr32xg1_gcc_release.a(protimer.o)
                0x0001255c                PROTIMER_ClearRxEnable
 .text.PROTIMER_GetTime
                0x0001256c        0xc C:\SiliconLabs\SimplicityStudio\v4_9\PCB_AIRQUALITY_2\platform\radio\rail_lib\autogen\librail_release\librail_efr32xg1_gcc_release.a(protimer.o)
                0x0001256c                PROTIMER_GetTime
 .text.PROTIMER_GetCCTime
                0x00012578        0xc C:\SiliconLabs\SimplicityStudio\v4_9\PCB_AIRQUALITY_2\platform\radio\rail_lib\autogen\librail_release\librail_efr32xg1_gcc_release.a(protimer.o)
                0x00012578                PROTIMER_GetCCTime
 .text.PROTIMER_LBTStop
                0x00012584       0x18 C:\SiliconLabs\SimplicityStudio\v4_9\PCB_AIRQUALITY_2\platform\radio\rail_lib\autogen\librail_release\librail_efr32xg1_gcc_release.a(protimer.o)
                0x00012584                PROTIMER_LBTStop
 .text.PROTIMER_PrecntOverflowToUs
                0x0001259c       0x38 C:\SiliconLabs\SimplicityStudio\v4_9\PCB_AIRQUALITY_2\platform\radio\rail_lib\autogen\librail_release\librail_efr32xg1_gcc_release.a(protimer.o)
                0x0001259c                PROTIMER_PrecntOverflowToUs
 .text.PROTIMER_UsToPrecntOverflow
                0x000125d4       0x2c C:\SiliconLabs\SimplicityStudio\v4_9\PCB_AIRQUALITY_2\platform\radio\rail_lib\autogen\librail_release\librail_efr32xg1_gcc_release.a(protimer.o)
                0x000125d4                PROTIMER_UsToPrecntOverflow
 .text.PROTIMER_DelayUs
                0x00012600       0x44 C:\SiliconLabs\SimplicityStudio\v4_9\PCB_AIRQUALITY_2\platform\radio\rail_lib\autogen\librail_release\librail_efr32xg1_gcc_release.a(protimer.o)
                0x00012600                PROTIMER_DelayUs
 .text.PROTIMER_CheckCcaReallyFailed
                0x00012644       0xbc C:\SiliconLabs\SimplicityStudio\v4_9\PCB_AIRQUALITY_2\platform\radio\rail_lib\autogen\librail_release\librail_efr32xg1_gcc_release.a(protimer.o)
                0x00012644                PROTIMER_CheckCcaReallyFailed
 .text.PTI_EnableAppendedInfo
                0x00012700       0x18 C:\SiliconLabs\SimplicityStudio\v4_9\PCB_AIRQUALITY_2\platform\radio\rail_lib\autogen\librail_release\librail_efr32xg1_gcc_release.a(pti.o)
                0x00012700                PTI_EnableAppendedInfo
 .text.PTI_Enable
                0x00012718       0x58 C:\SiliconLabs\SimplicityStudio\v4_9\PCB_AIRQUALITY_2\platform\radio\rail_lib\autogen\librail_release\librail_efr32xg1_gcc_release.a(pti.o)
                0x00012718                PTI_Enable
 .text.PTI_AuxdataOutput
                0x00012770       0x1c C:\SiliconLabs\SimplicityStudio\v4_9\PCB_AIRQUALITY_2\platform\radio\rail_lib\autogen\librail_release\librail_efr32xg1_gcc_release.a(pti.o)
                0x00012770                PTI_AuxdataOutput
 .text.PTI_EnableSyncword
                0x0001278c       0x18 C:\SiliconLabs\SimplicityStudio\v4_9\PCB_AIRQUALITY_2\platform\radio\rail_lib\autogen\librail_release\librail_efr32xg1_gcc_release.a(pti.o)
                0x0001278c                PTI_EnableSyncword
 .text.RADIO_SetAndForgetWrite
                0x000127a4       0x8c C:\SiliconLabs\SimplicityStudio\v4_9\PCB_AIRQUALITY_2\platform\radio\rail_lib\autogen\librail_release\librail_efr32xg1_gcc_release.a(radio.o)
                0x000127a4                RADIO_SetAndForgetWrite
 .text.RADIO_SeqInit
                0x00012830       0x68 C:\SiliconLabs\SimplicityStudio\v4_9\PCB_AIRQUALITY_2\platform\radio\rail_lib\autogen\librail_release\librail_efr32xg1_gcc_release.a(radio.o)
                0x00012830                RADIO_SeqInit
 .text.RADIO_CLKEnable
                0x00012898       0x68 C:\SiliconLabs\SimplicityStudio\v4_9\PCB_AIRQUALITY_2\platform\radio\rail_lib\autogen\librail_release\librail_efr32xg1_gcc_release.a(radio.o)
                0x00012898                RADIO_CLKEnable
 .text.RADIO_Init
                0x00012900       0x40 C:\SiliconLabs\SimplicityStudio\v4_9\PCB_AIRQUALITY_2\platform\radio\rail_lib\autogen\librail_release\librail_efr32xg1_gcc_release.a(radio.o)
                0x00012900                RADIO_Init
 .text.RADIO_Config
                0x00012940       0xa8 C:\SiliconLabs\SimplicityStudio\v4_9\PCB_AIRQUALITY_2\platform\radio\rail_lib\autogen\librail_release\librail_efr32xg1_gcc_release.a(radio.o)
                0x00012940                RADIO_Config
 .text.RADIO_IsRxOnForRssi
                0x000129e8       0x18 C:\SiliconLabs\SimplicityStudio\v4_9\PCB_AIRQUALITY_2\platform\radio\rail_lib\autogen\librail_release\librail_efr32xg1_gcc_release.a(radio.o)
                0x000129e8                RADIO_IsRxOnForRssi
 .text.RADIO_RxTrailDataLength
                0x00012a00       0x3c C:\SiliconLabs\SimplicityStudio\v4_9\PCB_AIRQUALITY_2\platform\radio\rail_lib\autogen\librail_release\librail_efr32xg1_gcc_release.a(radio.o)
                0x00012a00                RADIO_RxTrailDataLength
 .text.RADIO_FrameControlDescrBufferIdSet
                0x00012a3c       0x20 C:\SiliconLabs\SimplicityStudio\v4_9\PCB_AIRQUALITY_2\platform\radio\rail_lib\autogen\librail_release\librail_efr32xg1_gcc_release.a(radio.o)
                0x00012a3c                RADIO_FrameControlDescrBufferIdSet
 .text.RADIO_ComputeTxBaudrate
                0x00012a5c       0x28 C:\SiliconLabs\SimplicityStudio\v4_9\PCB_AIRQUALITY_2\platform\radio\rail_lib\autogen\librail_release\librail_efr32xg1_gcc_release.a(radio.o)
                0x00012a5c                RADIO_ComputeTxBaudrate
 .text.RADIO_ComputeTxSymbolRate
                0x00012a84       0x2c C:\SiliconLabs\SimplicityStudio\v4_9\PCB_AIRQUALITY_2\platform\radio\rail_lib\autogen\librail_release\librail_efr32xg1_gcc_release.a(radio.o)
                0x00012a84                RADIO_ComputeTxSymbolRate
 .text.RADIO_ComputeTxBitRate
                0x00012ab0       0x50 C:\SiliconLabs\SimplicityStudio\v4_9\PCB_AIRQUALITY_2\platform\radio\rail_lib\autogen\librail_release\librail_efr32xg1_gcc_release.a(radio.o)
                0x00012ab0                RADIO_ComputeTxBitRate
 .text.RADIO_GetRssi
                0x00012b00       0x54 C:\SiliconLabs\SimplicityStudio\v4_9\PCB_AIRQUALITY_2\platform\radio\rail_lib\autogen\librail_release\librail_efr32xg1_gcc_release.a(radio.o)
                0x00012b00                RADIO_GetRssi
 .text.RADIO_SetCRCInitVal
                0x00012b54       0x10 C:\SiliconLabs\SimplicityStudio\v4_9\PCB_AIRQUALITY_2\platform\radio\rail_lib\autogen\librail_release\librail_efr32xg1_gcc_release.a(radio.o)
                0x00012b54                RADIO_SetCRCInitVal
 .text.RADIO_RACClearRxOverflow
                0x00012b64       0x20 C:\SiliconLabs\SimplicityStudio\v4_9\PCB_AIRQUALITY_2\platform\radio\rail_lib\autogen\librail_release\librail_efr32xg1_gcc_release.a(radio.o)
                0x00012b64                RADIO_RACClearRxOverflow
 .text.RFSENSE_Disable
                0x00012b84       0x44 C:\SiliconLabs\SimplicityStudio\v4_9\PCB_AIRQUALITY_2\platform\radio\rail_lib\autogen\librail_release\librail_efr32xg1_gcc_release.a(rfsense.o)
 .text.RFSENSE_Sensed
                0x00012bc8       0x50 C:\SiliconLabs\SimplicityStudio\v4_9\PCB_AIRQUALITY_2\platform\radio\rail_lib\autogen\librail_release\librail_efr32xg1_gcc_release.a(rfsense.o)
                0x00012bc8                RFSENSE_Sensed
 .text.RFSENSE_IRQHandler
                0x00012c18        0x4 C:\SiliconLabs\SimplicityStudio\v4_9\PCB_AIRQUALITY_2\platform\radio\rail_lib\autogen\librail_release\librail_efr32xg1_gcc_release.a(rfsense.o)
                0x00012c18                RFSENSE_IRQHandler
 .text.RTCCSYNC_RTCCClockFreqGet
                0x00012c1c       0x30 C:\SiliconLabs\SimplicityStudio\v4_9\PCB_AIRQUALITY_2\platform\radio\rail_lib\autogen\librail_release\librail_efr32xg1_gcc_release.a(rtccsync.o)
 .text.RTCCSYNC_Init
                0x00012c4c       0x10 C:\SiliconLabs\SimplicityStudio\v4_9\PCB_AIRQUALITY_2\platform\radio\rail_lib\autogen\librail_release\librail_efr32xg1_gcc_release.a(rtccsync.o)
                0x00012c4c                RTCCSYNC_Init
 .text.RTCCSYNC_PreSleep
                0x00012c5c      0x260 C:\SiliconLabs\SimplicityStudio\v4_9\PCB_AIRQUALITY_2\platform\radio\rail_lib\autogen\librail_release\librail_efr32xg1_gcc_release.a(rtccsync.o)
                0x00012c5c                RTCCSYNC_PreSleep
 .text.RTCCSYNC_PostWakeUp
                0x00012ebc      0x1c4 C:\SiliconLabs\SimplicityStudio\v4_9\PCB_AIRQUALITY_2\platform\radio\rail_lib\autogen\librail_release\librail_efr32xg1_gcc_release.a(rtccsync.o)
                0x00012ebc                RTCCSYNC_PostWakeUp
 .text.SYNTH_RfFreqGet
                0x00013080        0xc C:\SiliconLabs\SimplicityStudio\v4_9\PCB_AIRQUALITY_2\platform\radio\rail_lib\autogen\librail_release\librail_efr32xg1_gcc_release.a(synth.o)
                0x00013080                SYNTH_RfFreqGet
 .text.SYNTH_ChSpacingGet
                0x0001308c        0xc C:\SiliconLabs\SimplicityStudio\v4_9\PCB_AIRQUALITY_2\platform\radio\rail_lib\autogen\librail_release\librail_efr32xg1_gcc_release.a(synth.o)
                0x0001308c                SYNTH_ChSpacingGet
 .text.SYNTH_LoDivGet
                0x00013098       0x20 C:\SiliconLabs\SimplicityStudio\v4_9\PCB_AIRQUALITY_2\platform\radio\rail_lib\autogen\librail_release\librail_efr32xg1_gcc_release.a(synth.o)
                0x00013098                SYNTH_LoDivGet
 .text.SYNTH_Is2p4GHz
                0x000130b8       0x14 C:\SiliconLabs\SimplicityStudio\v4_9\PCB_AIRQUALITY_2\platform\radio\rail_lib\autogen\librail_release\librail_efr32xg1_gcc_release.a(synth.o)
                0x000130b8                SYNTH_Is2p4GHz
 .text.SYNTH_VcoRangeIsValid
                0x000130cc       0x30 C:\SiliconLabs\SimplicityStudio\v4_9\PCB_AIRQUALITY_2\platform\radio\rail_lib\autogen\librail_release\librail_efr32xg1_gcc_release.a(synth.o)
                0x000130cc                SYNTH_VcoRangeIsValid
 .text.SYNTH_RetimeLimitsConfig
                0x000130fc       0x64 C:\SiliconLabs\SimplicityStudio\v4_9\PCB_AIRQUALITY_2\platform\radio\rail_lib\autogen\librail_release\librail_efr32xg1_gcc_release.a(synth.o)
                0x000130fc                SYNTH_RetimeLimitsConfig
 .text.SYNTH_RetimeClkConfig
                0x00013160       0xb4 C:\SiliconLabs\SimplicityStudio\v4_9\PCB_AIRQUALITY_2\platform\radio\rail_lib\autogen\librail_release\librail_efr32xg1_gcc_release.a(synth.o)
                0x00013160                SYNTH_RetimeClkConfig
 .text.SYNTH_Config
                0x00013214      0x108 C:\SiliconLabs\SimplicityStudio\v4_9\PCB_AIRQUALITY_2\platform\radio\rail_lib\autogen\librail_release\librail_efr32xg1_gcc_release.a(synth.o)
                0x00013214                SYNTH_Config
 .text.SYNTH_ChannelSet
                0x0001331c       0x40 C:\SiliconLabs\SimplicityStudio\v4_9\PCB_AIRQUALITY_2\platform\radio\rail_lib\autogen\librail_release\librail_efr32xg1_gcc_release.a(synth.o)
                0x0001331c                SYNTH_ChannelSet
 .text.SYNTH_DCDCRetimeClkSet
                0x0001335c       0x6c C:\SiliconLabs\SimplicityStudio\v4_9\PCB_AIRQUALITY_2\platform\radio\rail_lib\autogen\librail_release\librail_efr32xg1_gcc_release.a(synth.o)
                0x0001335c                SYNTH_DCDCRetimeClkSet
 .text.SYNTH_DCDCRetimeEnable
                0x000133c8       0x18 C:\SiliconLabs\SimplicityStudio\v4_9\PCB_AIRQUALITY_2\platform\radio\rail_lib\autogen\librail_release\librail_efr32xg1_gcc_release.a(synth.o)
                0x000133c8                SYNTH_DCDCRetimeEnable
 .text.SYNTH_DCDCRetimeDisable
                0x000133e0       0x18 C:\SiliconLabs\SimplicityStudio\v4_9\PCB_AIRQUALITY_2\platform\radio\rail_lib\autogen\librail_release\librail_efr32xg1_gcc_release.a(synth.o)
                0x000133e0                SYNTH_DCDCRetimeDisable
 .text.SYNTH_KvnFreqCompensationEnable
                0x000133f8        0xc C:\SiliconLabs\SimplicityStudio\v4_9\PCB_AIRQUALITY_2\platform\radio\rail_lib\autogen\librail_release\librail_efr32xg1_gcc_release.a(synth.o)
                0x000133f8                SYNTH_KvnFreqCompensationEnable
 .text.RADIOCMU_ClockEnable
                0x00013404       0x40 C:\SiliconLabs\SimplicityStudio\v4_9\PCB_AIRQUALITY_2\platform\radio\rail_lib\autogen\librail_release\librail_efr32xg1_gcc_release.a(radio_cmu.o)
                0x00013404                RADIOCMU_ClockEnable
 .text.RADIOCMU_ClockFreqGet
                0x00013444       0x88 C:\SiliconLabs\SimplicityStudio\v4_9\PCB_AIRQUALITY_2\platform\radio\rail_lib\autogen\librail_release\librail_efr32xg1_gcc_release.a(radio_cmu.o)
                0x00013444                RADIOCMU_ClockFreqGet
 .text.RADIOCMU_ClockPrescGet
                0x000134cc       0x1c C:\SiliconLabs\SimplicityStudio\v4_9\PCB_AIRQUALITY_2\platform\radio\rail_lib\autogen\librail_release\librail_efr32xg1_gcc_release.a(radio_cmu.o)
                0x000134cc                RADIOCMU_ClockPrescGet
 .text.TEMPCAL_Init
                0x000134e8       0x40 C:\SiliconLabs\SimplicityStudio\v4_9\PCB_AIRQUALITY_2\platform\radio\rail_lib\autogen\librail_release\librail_efr32xg1_gcc_release.a(tempcal.o)
                0x000134e8                TEMPCAL_Init
 .text.TIMING_PreambleSyncBits
                0x00013528       0x2c C:\SiliconLabs\SimplicityStudio\v4_9\PCB_AIRQUALITY_2\platform\radio\rail_lib\autogen\librail_release\librail_efr32xg1_gcc_release.a(timings.o)
 .text.TIMING_CalcAdjustUs
                0x00013554       0x28 C:\SiliconLabs\SimplicityStudio\v4_9\PCB_AIRQUALITY_2\platform\radio\rail_lib\autogen\librail_release\librail_efr32xg1_gcc_release.a(timings.o)
 .text.TIMING_SeqTimingInit
                0x0001357c        0x2 C:\SiliconLabs\SimplicityStudio\v4_9\PCB_AIRQUALITY_2\platform\radio\rail_lib\autogen\librail_release\librail_efr32xg1_gcc_release.a(timings.o)
                0x0001357c                TIMING_SeqTimingInit
 *fill*         0x0001357e        0x2 
 .text.TIMING_NsToStimerTickCalcSigned
                0x00013580       0x28 C:\SiliconLabs\SimplicityStudio\v4_9\PCB_AIRQUALITY_2\platform\radio\rail_lib\autogen\librail_release\librail_efr32xg1_gcc_release.a(timings.o)
                0x00013580                TIMING_NsToStimerTickCalcSigned
 .text.TIMING_NsToStimerTickCalc
                0x000135a8        0xc C:\SiliconLabs\SimplicityStudio\v4_9\PCB_AIRQUALITY_2\platform\radio\rail_lib\autogen\librail_release\librail_efr32xg1_gcc_release.a(timings.o)
                0x000135a8                TIMING_NsToStimerTickCalc
 .text.TIMING_InitStimer
                0x000135b4       0x58 C:\SiliconLabs\SimplicityStudio\v4_9\PCB_AIRQUALITY_2\platform\radio\rail_lib\autogen\librail_release\librail_efr32xg1_gcc_release.a(timings.o)
                0x000135b4                TIMING_InitStimer
 .text.TIMING_TxWarmTimeRecalculate
                0x0001360c       0x34 C:\SiliconLabs\SimplicityStudio\v4_9\PCB_AIRQUALITY_2\platform\radio\rail_lib\autogen\librail_release\librail_efr32xg1_gcc_release.a(timings.o)
                0x0001360c                TIMING_TxWarmTimeRecalculate
 .text.TIMING_TxWarmTimeSet
                0x00013640       0x18 C:\SiliconLabs\SimplicityStudio\v4_9\PCB_AIRQUALITY_2\platform\radio\rail_lib\autogen\librail_release\librail_efr32xg1_gcc_release.a(timings.o)
                0x00013640                TIMING_TxWarmTimeSet
 .text.TIMING_RxToTxTimeRecalculate
                0x00013658       0x34 C:\SiliconLabs\SimplicityStudio\v4_9\PCB_AIRQUALITY_2\platform\radio\rail_lib\autogen\librail_release\librail_efr32xg1_gcc_release.a(timings.o)
                0x00013658                TIMING_RxToTxTimeRecalculate
 .text.TIMING_RxFrameToTxTimeRecalculate
                0x0001368c       0x38 C:\SiliconLabs\SimplicityStudio\v4_9\PCB_AIRQUALITY_2\platform\radio\rail_lib\autogen\librail_release\librail_efr32xg1_gcc_release.a(timings.o)
                0x0001368c                TIMING_RxFrameToTxTimeRecalculate
 .text.TIMING_RxFrameToTxTimeSet
                0x000136c4       0x18 C:\SiliconLabs\SimplicityStudio\v4_9\PCB_AIRQUALITY_2\platform\radio\rail_lib\autogen\librail_release\librail_efr32xg1_gcc_release.a(timings.o)
                0x000136c4                TIMING_RxFrameToTxTimeSet
 .text.TIMING_TxToTxTimeRecalculate
                0x000136dc       0x24 C:\SiliconLabs\SimplicityStudio\v4_9\PCB_AIRQUALITY_2\platform\radio\rail_lib\autogen\librail_release\librail_efr32xg1_gcc_release.a(timings.o)
                0x000136dc                TIMING_TxToTxTimeRecalculate
 .text.TIMING_TxToRxTimeRecalculate
                0x00013700       0x24 C:\SiliconLabs\SimplicityStudio\v4_9\PCB_AIRQUALITY_2\platform\radio\rail_lib\autogen\librail_release\librail_efr32xg1_gcc_release.a(timings.o)
                0x00013700                TIMING_TxToRxTimeRecalculate
 .text.TIMING_TxToRxTimeSet
                0x00013724       0x18 C:\SiliconLabs\SimplicityStudio\v4_9\PCB_AIRQUALITY_2\platform\radio\rail_lib\autogen\librail_release\librail_efr32xg1_gcc_release.a(timings.o)
                0x00013724                TIMING_TxToRxTimeSet
 .text.TIMING_RxWarmTimeRecalculate
                0x0001373c       0x20 C:\SiliconLabs\SimplicityStudio\v4_9\PCB_AIRQUALITY_2\platform\radio\rail_lib\autogen\librail_release\librail_efr32xg1_gcc_release.a(timings.o)
                0x0001373c                TIMING_RxWarmTimeRecalculate
 .text.TIMING_RxWarmTimeSet
                0x0001375c       0x18 C:\SiliconLabs\SimplicityStudio\v4_9\PCB_AIRQUALITY_2\platform\radio\rail_lib\autogen\librail_release\librail_efr32xg1_gcc_release.a(timings.o)
                0x0001375c                TIMING_RxWarmTimeSet
 .text.TIMING_RxSearchTimeRecalculate
                0x00013774       0x28 C:\SiliconLabs\SimplicityStudio\v4_9\PCB_AIRQUALITY_2\platform\radio\rail_lib\autogen\librail_release\librail_efr32xg1_gcc_release.a(timings.o)
                0x00013774                TIMING_RxSearchTimeRecalculate
 .text.TIMING_RxSearchTimeSet
                0x0001379c       0x10 C:\SiliconLabs\SimplicityStudio\v4_9\PCB_AIRQUALITY_2\platform\radio\rail_lib\autogen\librail_release\librail_efr32xg1_gcc_release.a(timings.o)
                0x0001379c                TIMING_RxSearchTimeSet
 .text.TIMING_TxToRxSearchTimeRecalculate
                0x000137ac       0x28 C:\SiliconLabs\SimplicityStudio\v4_9\PCB_AIRQUALITY_2\platform\radio\rail_lib\autogen\librail_release\librail_efr32xg1_gcc_release.a(timings.o)
                0x000137ac                TIMING_TxToRxSearchTimeRecalculate
 .text.TIMING_TxToRxSearchTimeSet
                0x000137d4       0x10 C:\SiliconLabs\SimplicityStudio\v4_9\PCB_AIRQUALITY_2\platform\radio\rail_lib\autogen\librail_release\librail_efr32xg1_gcc_release.a(timings.o)
                0x000137d4                TIMING_TxToRxSearchTimeSet
 .text.TIMING_RecalculateAll
                0x000137e4       0x3a C:\SiliconLabs\SimplicityStudio\v4_9\PCB_AIRQUALITY_2\platform\radio\rail_lib\autogen\librail_release\librail_efr32xg1_gcc_release.a(timings.o)
                0x000137e4                TIMING_RecalculateAll
 .text.TIMING_RecalculatePaRampChanged
                0x0001381e       0x22 C:\SiliconLabs\SimplicityStudio\v4_9\PCB_AIRQUALITY_2\platform\radio\rail_lib\autogen\librail_release\librail_efr32xg1_gcc_release.a(timings.o)
                0x0001381e                TIMING_RecalculatePaRampChanged
 .text.TIMING_SetChainDelays
                0x00013840        0x8 C:\SiliconLabs\SimplicityStudio\v4_9\PCB_AIRQUALITY_2\platform\radio\rail_lib\autogen\librail_release\librail_efr32xg1_gcc_release.a(timings.o)
                0x00013840                TIMING_SetChainDelays
 .text.TIMING_SetRxDoneDelay
                0x00013848        0x6 C:\SiliconLabs\SimplicityStudio\v4_9\PCB_AIRQUALITY_2\platform\radio\rail_lib\autogen\librail_release\librail_efr32xg1_gcc_release.a(timings.o)
                0x00013848                TIMING_SetRxDoneDelay
 .text.TIMING_CalcRxTimeStampUs
                0x0001384e       0x7a C:\SiliconLabs\SimplicityStudio\v4_9\PCB_AIRQUALITY_2\platform\radio\rail_lib\autogen\librail_release\librail_efr32xg1_gcc_release.a(timings.o)
                0x0001384e                TIMING_CalcRxTimeStampUs
 .text.RFRAND_GetRadioEntropy
                0x000138c8       0xf0 C:\SiliconLabs\SimplicityStudio\v4_9\PCB_AIRQUALITY_2\platform\radio\rail_lib\autogen\librail_release\librail_efr32xg1_gcc_release.a(rf_rand.o)
                0x000138c8                RFRAND_GetRadioEntropy
 .text.RFRAND_SeedProtimerRandom
                0x000139b8       0x3c C:\SiliconLabs\SimplicityStudio\v4_9\PCB_AIRQUALITY_2\platform\radio\rail_lib\autogen\librail_release\librail_efr32xg1_gcc_release.a(rf_rand.o)
                0x000139b8                RFRAND_SeedProtimerRandom
 .text.RAIL_GetTxPowerCurve
                0x000139f4       0x14 C:\SiliconLabs\SimplicityStudio\v4_9\PCB_AIRQUALITY_2\platform\radio\rail_lib\autogen\librail_release\librail_efr32xg1_gcc_release.a(pa_conversions_efr32.o)
                0x000139f4                RAIL_GetTxPowerCurve
 .text.RAIL_InitTxPowerCurves
                0x00013a08       0x2c C:\SiliconLabs\SimplicityStudio\v4_9\PCB_AIRQUALITY_2\platform\radio\rail_lib\autogen\librail_release\librail_efr32xg1_gcc_release.a(pa_conversions_efr32.o)
                0x00013a08                RAIL_InitTxPowerCurves
 .text.RAIL_ConvertDbmToRaw
                0x00013a34       0xe4 C:\SiliconLabs\SimplicityStudio\v4_9\PCB_AIRQUALITY_2\platform\radio\rail_lib\autogen\librail_release\librail_efr32xg1_gcc_release.a(pa_conversions_efr32.o)
                0x00013a34                RAIL_ConvertDbmToRaw
 .text.RAIL_ConvertRawToDbm
                0x00013b18       0xb4 C:\SiliconLabs\SimplicityStudio\v4_9\PCB_AIRQUALITY_2\platform\radio\rail_lib\autogen\librail_release\librail_efr32xg1_gcc_release.a(pa_conversions_efr32.o)
                0x00013b18                RAIL_ConvertRawToDbm
 .text.GENERIC_PHY_ConfigureRollbackReporting
                0x00013bcc       0x64 C:\SiliconLabs\SimplicityStudio\v4_9\PCB_AIRQUALITY_2\platform\radio\rail_lib\autogen\librail_release\librail_efr32xg1_gcc_release.a(generic_phy.o)
 .text.GENERIC_PHY_ClearPendedRxWindowEnd
                0x00013c30       0x1c C:\SiliconLabs\SimplicityStudio\v4_9\PCB_AIRQUALITY_2\platform\radio\rail_lib\autogen\librail_release\librail_efr32xg1_gcc_release.a(generic_phy.o)
 .text.RADIO_RACRxAbort
                0x00013c4c       0x3c C:\SiliconLabs\SimplicityStudio\v4_9\PCB_AIRQUALITY_2\platform\radio\rail_lib\autogen\librail_release\librail_efr32xg1_gcc_release.a(generic_phy.o)
 .text.GENERIC_PHY_RxOverflowHook
                0x00013c88       0x34 C:\SiliconLabs\SimplicityStudio\v4_9\PCB_AIRQUALITY_2\platform\radio\rail_lib\autogen\librail_release\librail_efr32xg1_gcc_release.a(generic_phy.o)
 .text.GENERIC_PHY_DisableRadioIrqs
                0x00013cbc       0x50 C:\SiliconLabs\SimplicityStudio\v4_9\PCB_AIRQUALITY_2\platform\radio\rail_lib\autogen\librail_release\librail_efr32xg1_gcc_release.a(generic_phy.o)
 .text.GENERIC_PHY_CheckPendedRxWindowEnd
                0x00013d0c       0x3c C:\SiliconLabs\SimplicityStudio\v4_9\PCB_AIRQUALITY_2\platform\radio\rail_lib\autogen\librail_release\librail_efr32xg1_gcc_release.a(generic_phy.o)
 .text.GENERIC_PHY_ConfigureEvents
                0x00013d48      0x35c C:\SiliconLabs\SimplicityStudio\v4_9\PCB_AIRQUALITY_2\platform\radio\rail_lib\autogen\librail_release\librail_efr32xg1_gcc_release.a(generic_phy.o)
                0x00013d48                GENERIC_PHY_ConfigureEvents
 .text.GENERIC_PHY_PacketTxCommon
                0x000140a4       0x3c C:\SiliconLabs\SimplicityStudio\v4_9\PCB_AIRQUALITY_2\platform\radio\rail_lib\autogen\librail_release\librail_efr32xg1_gcc_release.a(generic_phy.o)
                0x000140a4                GENERIC_PHY_PacketTxCommon
 .text.GENERIC_PHY_PacketTx
                0x000140e0       0x40 C:\SiliconLabs\SimplicityStudio\v4_9\PCB_AIRQUALITY_2\platform\radio\rail_lib\autogen\librail_release\librail_efr32xg1_gcc_release.a(generic_phy.o)
                0x000140e0                GENERIC_PHY_PacketTx
 .text.GENERIC_PHY_SchedulePacketRx
                0x00014120      0x10c C:\SiliconLabs\SimplicityStudio\v4_9\PCB_AIRQUALITY_2\platform\radio\rail_lib\autogen\librail_release\librail_efr32xg1_gcc_release.a(generic_phy.o)
                0x00014120                GENERIC_PHY_SchedulePacketRx
 .text.GENERIC_PHY_SchedulePacketTx
                0x0001422c       0x7c C:\SiliconLabs\SimplicityStudio\v4_9\PCB_AIRQUALITY_2\platform\radio\rail_lib\autogen\librail_release\librail_efr32xg1_gcc_release.a(generic_phy.o)
                0x0001422c                GENERIC_PHY_SchedulePacketTx
 .text.GENERIC_PHY_ChannelSet
                0x000142a8        0x6 C:\SiliconLabs\SimplicityStudio\v4_9\PCB_AIRQUALITY_2\platform\radio\rail_lib\autogen\librail_release\librail_efr32xg1_gcc_release.a(generic_phy.o)
                0x000142a8                GENERIC_PHY_ChannelSet
 *fill*         0x000142ae        0x2 
 .text.GENERIC_PHY_SeqAtomicLock
                0x000142b0       0x34 C:\SiliconLabs\SimplicityStudio\v4_9\PCB_AIRQUALITY_2\platform\radio\rail_lib\autogen\librail_release\librail_efr32xg1_gcc_release.a(generic_phy.o)
                0x000142b0                GENERIC_PHY_SeqAtomicLock
 .text.GENERIC_PHY_PreviousTxTime
                0x000142e4        0xc C:\SiliconLabs\SimplicityStudio\v4_9\PCB_AIRQUALITY_2\platform\radio\rail_lib\autogen\librail_release\librail_efr32xg1_gcc_release.a(generic_phy.o)
                0x000142e4                GENERIC_PHY_PreviousTxTime
 .text.GENERIC_PHY_RACConfig
                0x000142f0       0x40 C:\SiliconLabs\SimplicityStudio\v4_9\PCB_AIRQUALITY_2\platform\radio\rail_lib\autogen\librail_release\librail_efr32xg1_gcc_release.a(generic_phy.o)
                0x000142f0                GENERIC_PHY_RACConfig
 .text.GENERIC_PHY_ResetRxFifo
                0x00014330       0x30 C:\SiliconLabs\SimplicityStudio\v4_9\PCB_AIRQUALITY_2\platform\radio\rail_lib\autogen\librail_release\librail_efr32xg1_gcc_release.a(generic_phy.o)
                0x00014330                GENERIC_PHY_ResetRxFifo
 .text.GENERIC_PHY_RadioIdle
                0x00014360      0x138 C:\SiliconLabs\SimplicityStudio\v4_9\PCB_AIRQUALITY_2\platform\radio\rail_lib\autogen\librail_release\librail_efr32xg1_gcc_release.a(generic_phy.o)
                0x00014360                GENERIC_PHY_RadioIdle
 .text.FRC_IRQHandler
                0x00014498      0x448 C:\SiliconLabs\SimplicityStudio\v4_9\PCB_AIRQUALITY_2\platform\radio\rail_lib\autogen\librail_release\librail_efr32xg1_gcc_release.a(generic_phy.o)
                0x00014498                FRC_IRQHandler
 .text.FRC_PRI_IRQHandler
                0x000148e0        0x4 C:\SiliconLabs\SimplicityStudio\v4_9\PCB_AIRQUALITY_2\platform\radio\rail_lib\autogen\librail_release\librail_efr32xg1_gcc_release.a(generic_phy.o)
                0x000148e0                FRC_PRI_IRQHandler
 .text.BUFC_IRQHandler
                0x000148e4        0x4 C:\SiliconLabs\SimplicityStudio\v4_9\PCB_AIRQUALITY_2\platform\radio\rail_lib\autogen\librail_release\librail_efr32xg1_gcc_release.a(generic_phy.o)
                0x000148e4                BUFC_IRQHandler
 .text.PROTIMER_IRQHandler
                0x000148e8        0x4 C:\SiliconLabs\SimplicityStudio\v4_9\PCB_AIRQUALITY_2\platform\radio\rail_lib\autogen\librail_release\librail_efr32xg1_gcc_release.a(generic_phy.o)
                0x000148e8                PROTIMER_IRQHandler
 .text.RAC_SEQ_IRQHandler
                0x000148ec        0x4 C:\SiliconLabs\SimplicityStudio\v4_9\PCB_AIRQUALITY_2\platform\radio\rail_lib\autogen\librail_release\librail_efr32xg1_gcc_release.a(generic_phy.o)
                0x000148ec                RAC_SEQ_IRQHandler
 .text.RAILCb_RadioStateChanged
                0x000148f0       0x14 C:\SiliconLabs\SimplicityStudio\v4_9\PCB_AIRQUALITY_2\platform\radio\rail_lib\autogen\librail_release\librail_efr32xg1_gcc_release.a(generic_phy.o)
                0x000148f0                RAILCb_RadioStateChanged
 .text.RAC_RSM_IRQHandler
                0x00014904       0x48 C:\SiliconLabs\SimplicityStudio\v4_9\PCB_AIRQUALITY_2\platform\radio\rail_lib\autogen\librail_release\librail_efr32xg1_gcc_release.a(generic_phy.o)
                0x00014904                RAC_RSM_IRQHandler
 .text.MODEM_IRQHandler
                0x0001494c        0x4 C:\SiliconLabs\SimplicityStudio\v4_9\PCB_AIRQUALITY_2\platform\radio\rail_lib\autogen\librail_release\librail_efr32xg1_gcc_release.a(generic_phy.o)
                0x0001494c                MODEM_IRQHandler
 .text.AGC_IRQHandler
                0x00014950       0x40 C:\SiliconLabs\SimplicityStudio\v4_9\PCB_AIRQUALITY_2\platform\radio\rail_lib\autogen\librail_release\librail_efr32xg1_gcc_release.a(generic_phy.o)
                0x00014950                AGC_IRQHandler
 .text.SYNTH_IRQHandler
                0x00014990       0x10 C:\SiliconLabs\SimplicityStudio\v4_9\PCB_AIRQUALITY_2\platform\radio\rail_lib\autogen\librail_release\librail_efr32xg1_gcc_release.a(generic_phy.o)
                0x00014990                SYNTH_IRQHandler
 .text.GENERIC_PHY_SetFeatures
                0x000149a0       0x28 C:\SiliconLabs\SimplicityStudio\v4_9\PCB_AIRQUALITY_2\platform\radio\rail_lib\autogen\librail_release\librail_efr32xg1_gcc_release.a(generic_phy.o)
                0x000149a0                GENERIC_PHY_SetFeatures
 .text.GENERIC_PHY_IsFeatureEnabled
                0x000149c8       0x14 C:\SiliconLabs\SimplicityStudio\v4_9\PCB_AIRQUALITY_2\platform\radio\rail_lib\autogen\librail_release\librail_efr32xg1_gcc_release.a(generic_phy.o)
                0x000149c8                GENERIC_PHY_IsFeatureEnabled
 .text.GENERIC_PHY_ConfigureFrameType
                0x000149dc       0x70 C:\SiliconLabs\SimplicityStudio\v4_9\PCB_AIRQUALITY_2\platform\radio\rail_lib\autogen\librail_release\librail_efr32xg1_gcc_release.a(generic_phy.o)
                0x000149dc                GENERIC_PHY_ConfigureFrameType
 .text.GENERIC_PHY_ResetAddressFiltering
                0x00014a4c       0x10 C:\SiliconLabs\SimplicityStudio\v4_9\PCB_AIRQUALITY_2\platform\radio\rail_lib\autogen\librail_release\librail_efr32xg1_gcc_release.a(generic_phy.o)
                0x00014a4c                GENERIC_PHY_ResetAddressFiltering
 .text.GENERIC_PHY_Init
                0x00014a5c       0x74 C:\SiliconLabs\SimplicityStudio\v4_9\PCB_AIRQUALITY_2\platform\radio\rail_lib\autogen\librail_release\librail_efr32xg1_gcc_release.a(generic_phy.o)
                0x00014a5c                GENERIC_PHY_Init
 .text.GENERIC_PHY_IsEnabledIEEE802154
                0x00014ad0       0x10 C:\SiliconLabs\SimplicityStudio\v4_9\PCB_AIRQUALITY_2\platform\radio\rail_lib\autogen\librail_release\librail_efr32xg1_gcc_release.a(generic_phy.o)
                0x00014ad0                GENERIC_PHY_IsEnabledIEEE802154
 .text.GENERIC_PHY_TimerStart
                0x00014ae0        0xc C:\SiliconLabs\SimplicityStudio\v4_9\PCB_AIRQUALITY_2\platform\radio\rail_lib\autogen\librail_release\librail_efr32xg1_gcc_release.a(generic_phy.o)
                0x00014ae0                GENERIC_PHY_TimerStart
 .text.GENERIC_PHY_TimerStop
                0x00014aec        0x6 C:\SiliconLabs\SimplicityStudio\v4_9\PCB_AIRQUALITY_2\platform\radio\rail_lib\autogen\librail_release\librail_efr32xg1_gcc_release.a(generic_phy.o)
                0x00014aec                GENERIC_PHY_TimerStop
 .text.CORTEX_UTILS_BitsetLowestSetBit
                0x00014af2       0x26 C:\SiliconLabs\SimplicityStudio\v4_9\PCB_AIRQUALITY_2\platform\radio\rail_lib\autogen\librail_release\librail_efr32xg1_gcc_release.a(cortex_utils.o)
                0x00014af2                CORTEX_UTILS_BitsetLowestSetBit
 .text.register_message_handler
                0x00014b18        0xc C:\SiliconLabs\SimplicityStudio\v4_9\PCB_AIRQUALITY_2\protocol\bluetooth_2.7\lib\EFR32BG1B\GCC\libbluetooth.a(bgapi.c.obj)
                0x00014b18                register_message_handler
 .text.bgapi_gap_set_legacy_mode